Archive member included because of file (symbol)

d:/embeded systems/imt course/imt tools/01 imt sdk/imt_sdk_win_64/winavr/bin/../lib/gcc/avr/4.3.3/avr5\libgcc.a(_exit.o)
                              d:/embeded systems/imt course/imt tools/01 imt sdk/imt_sdk_win_64/winavr/bin/../lib/gcc/avr/4.3.3/../../../../avr/lib/avr5/crtm32.o (exit)
d:/embeded systems/imt course/imt tools/01 imt sdk/imt_sdk_win_64/winavr/bin/../lib/gcc/avr/4.3.3/avr5\libgcc.a(_clear_bss.o)
                              ./MCAL/UART/UART_prg.o (__do_clear_bss)
d:/embeded systems/imt course/imt tools/01 imt sdk/imt_sdk_win_64/winavr/bin/../lib/gcc/avr/4.3.3/avr5\libgcc.a(_fixunssfsi.o)
                              ./HAL/HR_OXIMETER/HR_OXIMETER_prg.o (__fixunssfsi)
d:/embeded systems/imt course/imt tools/01 imt sdk/imt_sdk_win_64/winavr/bin/../lib/gcc/avr/4.3.3/avr5\libgcc.a(_addsub_sf.o)
                              ./HAL/HR_OXIMETER/HR_OXIMETER_prg.o (__subsf3)
d:/embeded systems/imt course/imt tools/01 imt sdk/imt_sdk_win_64/winavr/bin/../lib/gcc/avr/4.3.3/avr5\libgcc.a(_mul_sf.o)
                              ./HAL/HR_OXIMETER/HR_OXIMETER_prg.o (__mulsf3)
d:/embeded systems/imt course/imt tools/01 imt sdk/imt_sdk_win_64/winavr/bin/../lib/gcc/avr/4.3.3/avr5\libgcc.a(_gt_sf.o)
                              ./HAL/HR_OXIMETER/HR_OXIMETER_prg.o (__gtsf2)
d:/embeded systems/imt course/imt tools/01 imt sdk/imt_sdk_win_64/winavr/bin/../lib/gcc/avr/4.3.3/avr5\libgcc.a(_ge_sf.o)
                              d:/embeded systems/imt course/imt tools/01 imt sdk/imt_sdk_win_64/winavr/bin/../lib/gcc/avr/4.3.3/avr5\libgcc.a(_fixunssfsi.o) (__gesf2)
d:/embeded systems/imt course/imt tools/01 imt sdk/imt_sdk_win_64/winavr/bin/../lib/gcc/avr/4.3.3/avr5\libgcc.a(_lt_sf.o)
                              ./HAL/HR_OXIMETER/HR_OXIMETER_prg.o (__ltsf2)
d:/embeded systems/imt course/imt tools/01 imt sdk/imt_sdk_win_64/winavr/bin/../lib/gcc/avr/4.3.3/avr5\libgcc.a(_sf_to_si.o)
                              d:/embeded systems/imt course/imt tools/01 imt sdk/imt_sdk_win_64/winavr/bin/../lib/gcc/avr/4.3.3/avr5\libgcc.a(_fixunssfsi.o) (__fixsfsi)
d:/embeded systems/imt course/imt tools/01 imt sdk/imt_sdk_win_64/winavr/bin/../lib/gcc/avr/4.3.3/avr5\libgcc.a(_thenan_sf.o)
                              d:/embeded systems/imt course/imt tools/01 imt sdk/imt_sdk_win_64/winavr/bin/../lib/gcc/avr/4.3.3/avr5\libgcc.a(_addsub_sf.o) (__thenan_sf)
d:/embeded systems/imt course/imt tools/01 imt sdk/imt_sdk_win_64/winavr/bin/../lib/gcc/avr/4.3.3/avr5\libgcc.a(_usi_to_sf.o)
                              ./HAL/HR_OXIMETER/HR_OXIMETER_prg.o (__floatunsisf)
d:/embeded systems/imt course/imt tools/01 imt sdk/imt_sdk_win_64/winavr/bin/../lib/gcc/avr/4.3.3/avr5\libgcc.a(_prologue.o)
                              d:/embeded systems/imt course/imt tools/01 imt sdk/imt_sdk_win_64/winavr/bin/../lib/gcc/avr/4.3.3/avr5\libgcc.a(_addsub_sf.o) (__prologue_saves__)
d:/embeded systems/imt course/imt tools/01 imt sdk/imt_sdk_win_64/winavr/bin/../lib/gcc/avr/4.3.3/avr5\libgcc.a(_epilogue.o)
                              d:/embeded systems/imt course/imt tools/01 imt sdk/imt_sdk_win_64/winavr/bin/../lib/gcc/avr/4.3.3/avr5\libgcc.a(_addsub_sf.o) (__epilogue_restores__)
d:/embeded systems/imt course/imt tools/01 imt sdk/imt_sdk_win_64/winavr/bin/../lib/gcc/avr/4.3.3/avr5\libgcc.a(_copy_data.o)
                              d:/embeded systems/imt course/imt tools/01 imt sdk/imt_sdk_win_64/winavr/bin/../lib/gcc/avr/4.3.3/avr5\libgcc.a(_thenan_sf.o) (__do_copy_data)
d:/embeded systems/imt course/imt tools/01 imt sdk/imt_sdk_win_64/winavr/bin/../lib/gcc/avr/4.3.3/avr5\libgcc.a(_clzsi2.o)
                              d:/embeded systems/imt course/imt tools/01 imt sdk/imt_sdk_win_64/winavr/bin/../lib/gcc/avr/4.3.3/avr5\libgcc.a(_usi_to_sf.o) (__clzsi2)
d:/embeded systems/imt course/imt tools/01 imt sdk/imt_sdk_win_64/winavr/bin/../lib/gcc/avr/4.3.3/avr5\libgcc.a(_pack_sf.o)
                              d:/embeded systems/imt course/imt tools/01 imt sdk/imt_sdk_win_64/winavr/bin/../lib/gcc/avr/4.3.3/avr5\libgcc.a(_addsub_sf.o) (__pack_f)
d:/embeded systems/imt course/imt tools/01 imt sdk/imt_sdk_win_64/winavr/bin/../lib/gcc/avr/4.3.3/avr5\libgcc.a(_unpack_sf.o)
                              d:/embeded systems/imt course/imt tools/01 imt sdk/imt_sdk_win_64/winavr/bin/../lib/gcc/avr/4.3.3/avr5\libgcc.a(_addsub_sf.o) (__unpack_f)
d:/embeded systems/imt course/imt tools/01 imt sdk/imt_sdk_win_64/winavr/bin/../lib/gcc/avr/4.3.3/avr5\libgcc.a(_fpcmp_parts_sf.o)
                              d:/embeded systems/imt course/imt tools/01 imt sdk/imt_sdk_win_64/winavr/bin/../lib/gcc/avr/4.3.3/avr5\libgcc.a(_gt_sf.o) (__fpcmp_parts_f)
d:/embeded systems/imt course/imt tools/01 imt sdk/imt_sdk_win_64/winavr/bin/../lib/gcc/avr/4.3.3/avr5\libgcc.a(_clz.o)
                              d:/embeded systems/imt course/imt tools/01 imt sdk/imt_sdk_win_64/winavr/bin/../lib/gcc/avr/4.3.3/avr5\libgcc.a(_clzsi2.o) (__clz_tab)

Allocating common symbols
Common symbol       size              file

FIFO_READINGS_FILTERED_IR
                    0x5a0             ./HAL/HR_OXIMETER/HR_OXIMETER_prg.o
G_ISR_INT1_ptr      0x2               ./MCAL/EXTI/EXTI_prg.o
G_ISR_INT0_ptr      0x2               ./MCAL/EXTI/EXTI_prg.o
FIFO_READINGS_BUFFER
                    0x5a0             ./HAL/HR_OXIMETER/HR_OXIMETER_prg.o
G_u32DCFilteredIR   0x2d0             ./HAL/HR_OXIMETER/HR_OXIMETER_prg.o
G_PTR_FUNC_RX       0x2               ./MCAL/UART/UART_prg.o
G_ISR_INT2_ptr      0x2               ./MCAL/EXTI/EXTI_prg.o

Memory Configuration

Name             Origin             Length             Attributes
text             0x00000000         0x00020000         xr
data             0x00800060         0x0000ffa0         rw !x
eeprom           0x00810000         0x00010000         rw !x
fuse             0x00820000         0x00000400         rw !x
lock             0x00830000         0x00000400         rw !x
signature        0x00840000         0x00000400         rw !x
*default*        0x00000000         0xffffffff

Linker script and memory map

LOAD d:/embeded systems/imt course/imt tools/01 imt sdk/imt_sdk_win_64/winavr/bin/../lib/gcc/avr/4.3.3/../../../../avr/lib/avr5/crtm32.o
LOAD ./MCAL/UART/UART_prg.o
LOAD ./MCAL/TWI/TWI_prg.o
LOAD ./MCAL/GIE/GIE_prg.o
LOAD ./MCAL/EXTI/EXTI_prg.o
LOAD ./MCAL/DIO/DIO_prg.o
LOAD ./HAL/HR_OXIMETER/HR_OXIMETER_prg.o
LOAD ./App/main.o
LOAD d:/embeded systems/imt course/imt tools/01 imt sdk/imt_sdk_win_64/winavr/bin/../lib/gcc/avr/4.3.3/avr5\libgcc.a
LOAD d:/embeded systems/imt course/imt tools/01 imt sdk/imt_sdk_win_64/winavr/bin/../lib/gcc/avr/4.3.3/../../../../avr/lib/avr5\libc.a
LOAD d:/embeded systems/imt course/imt tools/01 imt sdk/imt_sdk_win_64/winavr/bin/../lib/gcc/avr/4.3.3/avr5\libgcc.a

.hash
 *(.hash)

.dynsym
 *(.dynsym)

.dynstr
 *(.dynstr)

.gnu.version
 *(.gnu.version)

.gnu.version_d
 *(.gnu.version_d)

.gnu.version_r
 *(.gnu.version_r)

.rel.init
 *(.rel.init)

.rela.init
 *(.rela.init)

.rel.text
 *(.rel.text)
 *(.rel.text.*)
 *(.rel.gnu.linkonce.t*)

.rela.text
 *(.rela.text)
 *(.rela.text.*)
 *(.rela.gnu.linkonce.t*)

.rel.fini
 *(.rel.fini)

.rela.fini
 *(.rela.fini)

.rel.rodata
 *(.rel.rodata)
 *(.rel.rodata.*)
 *(.rel.gnu.linkonce.r*)

.rela.rodata
 *(.rela.rodata)
 *(.rela.rodata.*)
 *(.rela.gnu.linkonce.r*)

.rel.data
 *(.rel.data)
 *(.rel.data.*)
 *(.rel.gnu.linkonce.d*)

.rela.data
 *(.rela.data)
 *(.rela.data.*)
 *(.rela.gnu.linkonce.d*)

.rel.ctors
 *(.rel.ctors)

.rela.ctors
 *(.rela.ctors)

.rel.dtors
 *(.rel.dtors)

.rela.dtors
 *(.rela.dtors)

.rel.got
 *(.rel.got)

.rela.got
 *(.rela.got)

.rel.bss
 *(.rel.bss)

.rela.bss
 *(.rela.bss)

.rel.plt
 *(.rel.plt)

.rela.plt
 *(.rela.plt)

.text           0x00000000     0x2982
 *(.vectors)
 .vectors       0x00000000       0x54 d:/embeded systems/imt course/imt tools/01 imt sdk/imt_sdk_win_64/winavr/bin/../lib/gcc/avr/4.3.3/../../../../avr/lib/avr5/crtm32.o
                0x00000000                __vectors
                0x00000000                __vector_default
 *(.vectors)
 *(.progmem.gcc*)
 *(.progmem*)
                0x00000054                . = ALIGN (0x2)
                0x00000054                __trampolines_start = .
 *(.trampolines)
 .trampolines   0x00000054        0x0 linker stubs
 *(.trampolines*)
                0x00000054                __trampolines_end = .
 *(.jumptables)
 *(.jumptables*)
 *(.lowtext)
 *(.lowtext*)
                0x00000054                __ctors_start = .
 *(.ctors)
                0x00000054                __ctors_end = .
                0x00000054                __dtors_start = .
 *(.dtors)
                0x00000054                __dtors_end = .
 SORT(*)(.ctors)
 SORT(*)(.dtors)
 *(.init0)
 .init0         0x00000054        0x0 d:/embeded systems/imt course/imt tools/01 imt sdk/imt_sdk_win_64/winavr/bin/../lib/gcc/avr/4.3.3/../../../../avr/lib/avr5/crtm32.o
                0x00000054                __init
 *(.init0)
 *(.init1)
 *(.init1)
 *(.init2)
 .init2         0x00000054        0xc d:/embeded systems/imt course/imt tools/01 imt sdk/imt_sdk_win_64/winavr/bin/../lib/gcc/avr/4.3.3/../../../../avr/lib/avr5/crtm32.o
 *(.init2)
 *(.init3)
 *(.init3)
 *(.init4)
 .init4         0x00000060       0x10 d:/embeded systems/imt course/imt tools/01 imt sdk/imt_sdk_win_64/winavr/bin/../lib/gcc/avr/4.3.3/avr5\libgcc.a(_clear_bss.o)
                0x00000060                __do_clear_bss
 .init4         0x00000070       0x16 d:/embeded systems/imt course/imt tools/01 imt sdk/imt_sdk_win_64/winavr/bin/../lib/gcc/avr/4.3.3/avr5\libgcc.a(_copy_data.o)
                0x00000070                __do_copy_data
 *(.init4)
 *(.init5)
 *(.init5)
 *(.init6)
 *(.init6)
 *(.init7)
 *(.init7)
 *(.init8)
 *(.init8)
 *(.init9)
 .init9         0x00000086        0x8 d:/embeded systems/imt course/imt tools/01 imt sdk/imt_sdk_win_64/winavr/bin/../lib/gcc/avr/4.3.3/../../../../avr/lib/avr5/crtm32.o
 *(.init9)
 *(.text)
 .text          0x0000008e        0x4 d:/embeded systems/imt course/imt tools/01 imt sdk/imt_sdk_win_64/winavr/bin/../lib/gcc/avr/4.3.3/../../../../avr/lib/avr5/crtm32.o
                0x0000008e                __vector_12
                0x0000008e                __bad_interrupt
                0x0000008e                __vector_6
                0x0000008e                __vector_11
                0x0000008e                __vector_17
                0x0000008e                __vector_19
                0x0000008e                __vector_7
                0x0000008e                __vector_5
                0x0000008e                __vector_4
                0x0000008e                __vector_9
                0x0000008e                __vector_8
                0x0000008e                __vector_10
                0x0000008e                __vector_16
                0x0000008e                __vector_18
                0x0000008e                __vector_20
 .text          0x00000092        0x0 ./MCAL/UART/UART_prg.o
 .text          0x00000092        0x0 ./MCAL/TWI/TWI_prg.o
 .text          0x00000092        0x0 ./MCAL/GIE/GIE_prg.o
 .text          0x00000092        0x0 ./MCAL/EXTI/EXTI_prg.o
 .text          0x00000092        0x0 ./MCAL/DIO/DIO_prg.o
 .text          0x00000092        0x0 ./HAL/HR_OXIMETER/HR_OXIMETER_prg.o
 .text          0x00000092        0x0 ./App/main.o
 .text          0x00000092        0x0 d:/embeded systems/imt course/imt tools/01 imt sdk/imt_sdk_win_64/winavr/bin/../lib/gcc/avr/4.3.3/avr5\libgcc.a(_exit.o)
 .text          0x00000092        0x0 d:/embeded systems/imt course/imt tools/01 imt sdk/imt_sdk_win_64/winavr/bin/../lib/gcc/avr/4.3.3/avr5\libgcc.a(_clear_bss.o)
 .text          0x00000092       0x58 d:/embeded systems/imt course/imt tools/01 imt sdk/imt_sdk_win_64/winavr/bin/../lib/gcc/avr/4.3.3/avr5\libgcc.a(_fixunssfsi.o)
                0x00000092                __fixunssfsi
 .text          0x000000ea      0x354 d:/embeded systems/imt course/imt tools/01 imt sdk/imt_sdk_win_64/winavr/bin/../lib/gcc/avr/4.3.3/avr5\libgcc.a(_addsub_sf.o)
                0x00000382                __subsf3
                0x000003e4                __addsf3
 .text          0x0000043e      0x1f4 d:/embeded systems/imt course/imt tools/01 imt sdk/imt_sdk_win_64/winavr/bin/../lib/gcc/avr/4.3.3/avr5\libgcc.a(_mul_sf.o)
                0x0000043e                __mulsf3
 .text          0x00000632       0x60 d:/embeded systems/imt course/imt tools/01 imt sdk/imt_sdk_win_64/winavr/bin/../lib/gcc/avr/4.3.3/avr5\libgcc.a(_gt_sf.o)
                0x00000632                __gtsf2
 .text          0x00000692       0x60 d:/embeded systems/imt course/imt tools/01 imt sdk/imt_sdk_win_64/winavr/bin/../lib/gcc/avr/4.3.3/avr5\libgcc.a(_ge_sf.o)
                0x00000692                __gesf2
 .text          0x000006f2       0x60 d:/embeded systems/imt course/imt tools/01 imt sdk/imt_sdk_win_64/winavr/bin/../lib/gcc/avr/4.3.3/avr5\libgcc.a(_lt_sf.o)
                0x000006f2                __ltsf2
 .text          0x00000752       0xa8 d:/embeded systems/imt course/imt tools/01 imt sdk/imt_sdk_win_64/winavr/bin/../lib/gcc/avr/4.3.3/avr5\libgcc.a(_sf_to_si.o)
                0x00000752                __fixsfsi
 .text          0x000007fa        0x0 d:/embeded systems/imt course/imt tools/01 imt sdk/imt_sdk_win_64/winavr/bin/../lib/gcc/avr/4.3.3/avr5\libgcc.a(_thenan_sf.o)
 .text          0x000007fa       0xf2 d:/embeded systems/imt course/imt tools/01 imt sdk/imt_sdk_win_64/winavr/bin/../lib/gcc/avr/4.3.3/avr5\libgcc.a(_usi_to_sf.o)
                0x000007fa                __floatunsisf
 .text          0x000008ec        0x0 d:/embeded systems/imt course/imt tools/01 imt sdk/imt_sdk_win_64/winavr/bin/../lib/gcc/avr/4.3.3/avr5\libgcc.a(_prologue.o)
 .text          0x000008ec        0x0 d:/embeded systems/imt course/imt tools/01 imt sdk/imt_sdk_win_64/winavr/bin/../lib/gcc/avr/4.3.3/avr5\libgcc.a(_epilogue.o)
 .text          0x000008ec        0x0 d:/embeded systems/imt course/imt tools/01 imt sdk/imt_sdk_win_64/winavr/bin/../lib/gcc/avr/4.3.3/avr5\libgcc.a(_copy_data.o)
 .text          0x000008ec       0x9e d:/embeded systems/imt course/imt tools/01 imt sdk/imt_sdk_win_64/winavr/bin/../lib/gcc/avr/4.3.3/avr5\libgcc.a(_clzsi2.o)
                0x000008ec                __clzsi2
 .text          0x0000098a      0x1aa d:/embeded systems/imt course/imt tools/01 imt sdk/imt_sdk_win_64/winavr/bin/../lib/gcc/avr/4.3.3/avr5\libgcc.a(_pack_sf.o)
                0x0000098a                __pack_f
 .text          0x00000b34       0xf0 d:/embeded systems/imt course/imt tools/01 imt sdk/imt_sdk_win_64/winavr/bin/../lib/gcc/avr/4.3.3/avr5\libgcc.a(_unpack_sf.o)
                0x00000b34                __unpack_f
 .text          0x00000c24       0xb2 d:/embeded systems/imt course/imt tools/01 imt sdk/imt_sdk_win_64/winavr/bin/../lib/gcc/avr/4.3.3/avr5\libgcc.a(_fpcmp_parts_sf.o)
                0x00000c24                __fpcmp_parts_f
 .text          0x00000cd6        0x0 d:/embeded systems/imt course/imt tools/01 imt sdk/imt_sdk_win_64/winavr/bin/../lib/gcc/avr/4.3.3/avr5\libgcc.a(_clz.o)
                0x00000cd6                . = ALIGN (0x2)
 *(.text.*)
 .text.UART_vInit
                0x00000cd6       0x88 ./MCAL/UART/UART_prg.o
                0x00000cd6                UART_vInit
 .text.UART_vSendData
                0x00000d5e       0x2e ./MCAL/UART/UART_prg.o
                0x00000d5e                UART_vSendData
 .text.UART_vSendDataAsync
                0x00000d8c       0x2c ./MCAL/UART/UART_prg.o
                0x00000d8c                UART_vSendDataAsync
 .text.UART_vSendString
                0x00000db8       0x6c ./MCAL/UART/UART_prg.o
                0x00000db8                UART_vSendString
 .text.UART_u8GetData
                0x00000e24       0x1e ./MCAL/UART/UART_prg.o
                0x00000e24                UART_u8GetData
 .text.UART_vGetString
                0x00000e42       0x8a ./MCAL/UART/UART_prg.o
                0x00000e42                UART_vGetString
 .text.UART_u8GetDataAsync
                0x00000ecc       0x36 ./MCAL/UART/UART_prg.o
                0x00000ecc                UART_u8GetDataAsync
 .text.__vector_13
                0x00000f02       0x60 ./MCAL/UART/UART_prg.o
                0x00000f02                __vector_13
 .text.__vector_14
                0x00000f62       0x36 ./MCAL/UART/UART_prg.o
                0x00000f62                __vector_14
 .text.__vector_15
                0x00000f98       0x20 ./MCAL/UART/UART_prg.o
                0x00000f98                __vector_15
 .text.TWI_vMasterInit
                0x00000fb8       0x26 ./MCAL/TWI/TWI_prg.o
                0x00000fb8                TWI_vMasterInit
 .text.TWI_vSendStartCondition
                0x00000fde       0x20 ./MCAL/TWI/TWI_prg.o
                0x00000fde                TWI_vSendStartCondition
 .text.TWI_vSendStopCondition
                0x00000ffe       0x16 ./MCAL/TWI/TWI_prg.o
                0x00000ffe                TWI_vSendStopCondition
 .text.TWI_vMasterWriteDataByte
                0x00001014       0x2e ./MCAL/TWI/TWI_prg.o
                0x00001014                TWI_vMasterWriteDataByte
 .text.TWI_vMasterWriteSlaveAdd
                0x00001042       0x40 ./MCAL/TWI/TWI_prg.o
                0x00001042                TWI_vMasterWriteSlaveAdd
 .text.TWI_u8MasterReadDataByteWith_ACK
                0x00001082       0x26 ./MCAL/TWI/TWI_prg.o
                0x00001082                TWI_u8MasterReadDataByteWith_ACK
 .text.TWI_u8MasterReadDataByteWith_NACK
                0x000010a8       0x26 ./MCAL/TWI/TWI_prg.o
                0x000010a8                TWI_u8MasterReadDataByteWith_NACK
 .text.TWI_u8MasterReadNext
                0x000010ce       0x2c ./MCAL/TWI/TWI_prg.o
                0x000010ce                TWI_u8MasterReadNext
 .text.TWI_u8MasterGetStatus
                0x000010fa       0x16 ./MCAL/TWI/TWI_prg.o
                0x000010fa                TWI_u8MasterGetStatus
 .text.GIE_vEnableGlobaLInt
                0x00001110       0x1c ./MCAL/GIE/GIE_prg.o
                0x00001110                GIE_vEnableGlobaLInt
 .text.GIE_vDisableGlobalInt
                0x0000112c       0x1c ./MCAL/GIE/GIE_prg.o
                0x0000112c                GIE_vDisableGlobalInt
 .text.EXTI_vInitINT0
                0x00001148       0x40 ./MCAL/EXTI/EXTI_prg.o
                0x00001148                EXTI_vInitINT0
 .text.EXTI_vInitINT1
                0x00001188       0x40 ./MCAL/EXTI/EXTI_prg.o
                0x00001188                EXTI_vInitINT1
 .text.EXTI_vInitINT2
                0x000011c8       0x3e ./MCAL/EXTI/EXTI_prg.o
                0x000011c8                EXTI_vInitINT2
 .text.EXTI_vReg_Func
                0x00001206       0x72 ./MCAL/EXTI/EXTI_prg.o
                0x00001206                EXTI_vReg_Func
 .text.__vector_1
                0x00001278       0x5a ./MCAL/EXTI/EXTI_prg.o
                0x00001278                __vector_1
 .text.__vector_2
                0x000012d2       0x5a ./MCAL/EXTI/EXTI_prg.o
                0x000012d2                __vector_2
 .text.__vector_3
                0x0000132c       0x5a ./MCAL/EXTI/EXTI_prg.o
                0x0000132c                __vector_3
 .text.DIO_vSetPinDir
                0x00001386      0x176 ./MCAL/DIO/DIO_prg.o
                0x00001386                DIO_vSetPinDir
 .text.DIO_vSetPortDir
                0x000014fc       0xba ./MCAL/DIO/DIO_prg.o
                0x000014fc                DIO_vSetPortDir
 .text.DIO_vSetPinVal
                0x000015b6      0x176 ./MCAL/DIO/DIO_prg.o
                0x000015b6                DIO_vSetPinVal
 .text.DIO_vSetPortVal
                0x0000172c       0x82 ./MCAL/DIO/DIO_prg.o
                0x0000172c                DIO_vSetPortVal
 .text.DIO_u8GetPinVal
                0x000017ae       0xf2 ./MCAL/DIO/DIO_prg.o
                0x000017ae                DIO_u8GetPinVal
 .text.DIO_u8GetPortVal
                0x000018a0       0x82 ./MCAL/DIO/DIO_prg.o
                0x000018a0                DIO_u8GetPortVal
 .text.DIO_vTogPin
                0x00001922       0xfa ./MCAL/DIO/DIO_prg.o
                0x00001922                DIO_vTogPin
 .text.DIO_vTogPort
                0x00001a1c       0x9a ./MCAL/DIO/DIO_prg.o
                0x00001a1c                DIO_vTogPort
 .text.HR_OXIMETER_vInit
                0x00001ab6       0x88 ./HAL/HR_OXIMETER/HR_OXIMETER_prg.o
                0x00001ab6                HR_OXIMETER_vInit
 .text.HR_OXIMETER_vCollectDataFromFiFo
                0x00001b3e      0x2ae ./HAL/HR_OXIMETER/HR_OXIMETER_prg.o
                0x00001b3e                HR_OXIMETER_vCollectDataFromFiFo
 .text.HR_OXIMETER_vCollectGroupOfSamples
                0x00001dec       0x16 ./HAL/HR_OXIMETER/HR_OXIMETER_prg.o
                0x00001dec                HR_OXIMETER_vCollectGroupOfSamples
 .text.HR_OXIMETER_vCalculateHeartRate
                0x00001e02      0x190 ./HAL/HR_OXIMETER/HR_OXIMETER_prg.o
                0x00001e02                HR_OXIMETER_vCalculateHeartRate
 .text.HR_OXIMETER_voidGetRegContentMultiple
                0x00001f92       0xf8 ./HAL/HR_OXIMETER/HR_OXIMETER_prg.o
 .text.HR_OXIMETER_u8GetRegContentOnce
                0x0000208a       0x64 ./HAL/HR_OXIMETER/HR_OXIMETER_prg.o
 .text.HR_OXIMETER_vWrtRegContent
                0x000020ee       0x62 ./HAL/HR_OXIMETER/HR_OXIMETER_prg.o
 .text.HR_OXIMETER_vGetPartINFO
                0x00002150       0x3e ./HAL/HR_OXIMETER/HR_OXIMETER_prg.o
                0x00002150                HR_OXIMETER_vGetPartINFO
 .text.HR_OXIMETER_DCRemoval
                0x0000218e      0x146 ./HAL/HR_OXIMETER/HR_OXIMETER_prg.o
 .text.display_data_Collected
                0x000022d4       0x98 ./HAL/HR_OXIMETER/HR_OXIMETER_prg.o
                0x000022d4                display_data_Collected
 .text.toggle_led
                0x0000236c      0x20c ./HAL/HR_OXIMETER/HR_OXIMETER_prg.o
                0x0000236c                toggle_led
 .text.sendStringToDebugSw
                0x00002578       0x6a ./HAL/HR_OXIMETER/HR_OXIMETER_prg.o
                0x00002578                sendStringToDebugSw
 .text.send32BitDatatoDebugger
                0x000025e2       0x5c ./HAL/HR_OXIMETER/HR_OXIMETER_prg.o
                0x000025e2                send32BitDatatoDebugger
 .text.sendToDebugSw
                0x0000263e      0x156 ./HAL/HR_OXIMETER/HR_OXIMETER_prg.o
                0x0000263e                sendToDebugSw
 .text.sendCharTOSw
                0x00002794       0x2e ./HAL/HR_OXIMETER/HR_OXIMETER_prg.o
                0x00002794                sendCharTOSw
 .text.TURONLED
                0x000027c2       0x22 ./App/main.o
                0x000027c2                TURONLED
 .text.testUART
                0x000027e4       0x20 ./App/main.o
                0x000027e4                testUART
 .text.main     0x00002804      0x10c ./App/main.o
                0x00002804                main
 .text.libgcc   0x00002910        0x0 d:/embeded systems/imt course/imt tools/01 imt sdk/imt_sdk_win_64/winavr/bin/../lib/gcc/avr/4.3.3/avr5\libgcc.a(_exit.o)
 .text.libgcc   0x00002910        0x0 d:/embeded systems/imt course/imt tools/01 imt sdk/imt_sdk_win_64/winavr/bin/../lib/gcc/avr/4.3.3/avr5\libgcc.a(_clear_bss.o)
 .text.libgcc   0x00002910       0x38 d:/embeded systems/imt course/imt tools/01 imt sdk/imt_sdk_win_64/winavr/bin/../lib/gcc/avr/4.3.3/avr5\libgcc.a(_prologue.o)
                0x00002910                __prologue_saves__
 .text.libgcc   0x00002948       0x36 d:/embeded systems/imt course/imt tools/01 imt sdk/imt_sdk_win_64/winavr/bin/../lib/gcc/avr/4.3.3/avr5\libgcc.a(_epilogue.o)
                0x00002948                __epilogue_restores__
 .text.libgcc   0x0000297e        0x0 d:/embeded systems/imt course/imt tools/01 imt sdk/imt_sdk_win_64/winavr/bin/../lib/gcc/avr/4.3.3/avr5\libgcc.a(_copy_data.o)
                0x0000297e                . = ALIGN (0x2)
 *(.fini9)
 .fini9         0x0000297e        0x0 d:/embeded systems/imt course/imt tools/01 imt sdk/imt_sdk_win_64/winavr/bin/../lib/gcc/avr/4.3.3/avr5\libgcc.a(_exit.o)
                0x0000297e                exit
                0x0000297e                _exit
 *(.fini9)
 *(.fini8)
 *(.fini8)
 *(.fini7)
 *(.fini7)
 *(.fini6)
 *(.fini6)
 *(.fini5)
 *(.fini5)
 *(.fini4)
 *(.fini4)
 *(.fini3)
 *(.fini3)
 *(.fini2)
 *(.fini2)
 *(.fini1)
 *(.fini1)
 *(.fini0)
 .fini0         0x0000297e        0x4 d:/embeded systems/imt course/imt tools/01 imt sdk/imt_sdk_win_64/winavr/bin/../lib/gcc/avr/4.3.3/avr5\libgcc.a(_exit.o)
 *(.fini0)
                0x00002982                _etext = .

.data           0x00800060      0x108 load address 0x00002982
                0x00800060                PROVIDE (__data_start, .)
 *(.data)
 .data          0x00800060        0x0 d:/embeded systems/imt course/imt tools/01 imt sdk/imt_sdk_win_64/winavr/bin/../lib/gcc/avr/4.3.3/../../../../avr/lib/avr5/crtm32.o
 .data          0x00800060        0x0 ./MCAL/UART/UART_prg.o
 .data          0x00800060        0x0 ./MCAL/TWI/TWI_prg.o
 .data          0x00800060        0x0 ./MCAL/GIE/GIE_prg.o
 .data          0x00800060        0x0 ./MCAL/EXTI/EXTI_prg.o
 .data          0x00800060        0x0 ./MCAL/DIO/DIO_prg.o
 .data          0x00800060        0x0 ./HAL/HR_OXIMETER/HR_OXIMETER_prg.o
 .data          0x00800060        0x0 ./App/main.o
 .data          0x00800060        0x0 d:/embeded systems/imt course/imt tools/01 imt sdk/imt_sdk_win_64/winavr/bin/../lib/gcc/avr/4.3.3/avr5\libgcc.a(_exit.o)
 .data          0x00800060        0x0 d:/embeded systems/imt course/imt tools/01 imt sdk/imt_sdk_win_64/winavr/bin/../lib/gcc/avr/4.3.3/avr5\libgcc.a(_clear_bss.o)
 .data          0x00800060        0x0 d:/embeded systems/imt course/imt tools/01 imt sdk/imt_sdk_win_64/winavr/bin/../lib/gcc/avr/4.3.3/avr5\libgcc.a(_fixunssfsi.o)
 .data          0x00800060        0x0 d:/embeded systems/imt course/imt tools/01 imt sdk/imt_sdk_win_64/winavr/bin/../lib/gcc/avr/4.3.3/avr5\libgcc.a(_addsub_sf.o)
 .data          0x00800060        0x0 d:/embeded systems/imt course/imt tools/01 imt sdk/imt_sdk_win_64/winavr/bin/../lib/gcc/avr/4.3.3/avr5\libgcc.a(_mul_sf.o)
 .data          0x00800060        0x0 d:/embeded systems/imt course/imt tools/01 imt sdk/imt_sdk_win_64/winavr/bin/../lib/gcc/avr/4.3.3/avr5\libgcc.a(_gt_sf.o)
 .data          0x00800060        0x0 d:/embeded systems/imt course/imt tools/01 imt sdk/imt_sdk_win_64/winavr/bin/../lib/gcc/avr/4.3.3/avr5\libgcc.a(_ge_sf.o)
 .data          0x00800060        0x0 d:/embeded systems/imt course/imt tools/01 imt sdk/imt_sdk_win_64/winavr/bin/../lib/gcc/avr/4.3.3/avr5\libgcc.a(_lt_sf.o)
 .data          0x00800060        0x0 d:/embeded systems/imt course/imt tools/01 imt sdk/imt_sdk_win_64/winavr/bin/../lib/gcc/avr/4.3.3/avr5\libgcc.a(_sf_to_si.o)
 .data          0x00800060        0x8 d:/embeded systems/imt course/imt tools/01 imt sdk/imt_sdk_win_64/winavr/bin/../lib/gcc/avr/4.3.3/avr5\libgcc.a(_thenan_sf.o)
                0x00800060                __thenan_sf
 .data          0x00800068        0x0 d:/embeded systems/imt course/imt tools/01 imt sdk/imt_sdk_win_64/winavr/bin/../lib/gcc/avr/4.3.3/avr5\libgcc.a(_usi_to_sf.o)
 .data          0x00800068        0x0 d:/embeded systems/imt course/imt tools/01 imt sdk/imt_sdk_win_64/winavr/bin/../lib/gcc/avr/4.3.3/avr5\libgcc.a(_prologue.o)
 .data          0x00800068        0x0 d:/embeded systems/imt course/imt tools/01 imt sdk/imt_sdk_win_64/winavr/bin/../lib/gcc/avr/4.3.3/avr5\libgcc.a(_epilogue.o)
 .data          0x00800068        0x0 d:/embeded systems/imt course/imt tools/01 imt sdk/imt_sdk_win_64/winavr/bin/../lib/gcc/avr/4.3.3/avr5\libgcc.a(_copy_data.o)
 .data          0x00800068        0x0 d:/embeded systems/imt course/imt tools/01 imt sdk/imt_sdk_win_64/winavr/bin/../lib/gcc/avr/4.3.3/avr5\libgcc.a(_clzsi2.o)
 .data          0x00800068        0x0 d:/embeded systems/imt course/imt tools/01 imt sdk/imt_sdk_win_64/winavr/bin/../lib/gcc/avr/4.3.3/avr5\libgcc.a(_pack_sf.o)
 .data          0x00800068        0x0 d:/embeded systems/imt course/imt tools/01 imt sdk/imt_sdk_win_64/winavr/bin/../lib/gcc/avr/4.3.3/avr5\libgcc.a(_unpack_sf.o)
 .data          0x00800068        0x0 d:/embeded systems/imt course/imt tools/01 imt sdk/imt_sdk_win_64/winavr/bin/../lib/gcc/avr/4.3.3/avr5\libgcc.a(_fpcmp_parts_sf.o)
 .data          0x00800068      0x100 d:/embeded systems/imt course/imt tools/01 imt sdk/imt_sdk_win_64/winavr/bin/../lib/gcc/avr/4.3.3/avr5\libgcc.a(_clz.o)
                0x00800068                __clz_tab
 *(.data*)
 *(.rodata)
 *(.rodata*)
 *(.gnu.linkonce.d*)
                0x00800168                . = ALIGN (0x2)
                0x00800168                _edata = .
                0x00800168                PROVIDE (__data_end, .)

.bss            0x00800168      0xe26
                0x00800168                PROVIDE (__bss_start, .)
 *(.bss)
 .bss           0x00800168        0x0 d:/embeded systems/imt course/imt tools/01 imt sdk/imt_sdk_win_64/winavr/bin/../lib/gcc/avr/4.3.3/../../../../avr/lib/avr5/crtm32.o
 .bss           0x00800168        0x0 ./MCAL/UART/UART_prg.o
 .bss           0x00800168        0x0 ./MCAL/TWI/TWI_prg.o
 .bss           0x00800168        0x0 ./MCAL/GIE/GIE_prg.o
 .bss           0x00800168        0x0 ./MCAL/EXTI/EXTI_prg.o
 .bss           0x00800168        0x0 ./MCAL/DIO/DIO_prg.o
 .bss           0x00800168        0x0 ./HAL/HR_OXIMETER/HR_OXIMETER_prg.o
 .bss           0x00800168        0x0 ./App/main.o
 .bss           0x00800168        0x0 d:/embeded systems/imt course/imt tools/01 imt sdk/imt_sdk_win_64/winavr/bin/../lib/gcc/avr/4.3.3/avr5\libgcc.a(_exit.o)
 .bss           0x00800168        0x0 d:/embeded systems/imt course/imt tools/01 imt sdk/imt_sdk_win_64/winavr/bin/../lib/gcc/avr/4.3.3/avr5\libgcc.a(_clear_bss.o)
 .bss           0x00800168        0x0 d:/embeded systems/imt course/imt tools/01 imt sdk/imt_sdk_win_64/winavr/bin/../lib/gcc/avr/4.3.3/avr5\libgcc.a(_fixunssfsi.o)
 .bss           0x00800168        0x0 d:/embeded systems/imt course/imt tools/01 imt sdk/imt_sdk_win_64/winavr/bin/../lib/gcc/avr/4.3.3/avr5\libgcc.a(_addsub_sf.o)
 .bss           0x00800168        0x0 d:/embeded systems/imt course/imt tools/01 imt sdk/imt_sdk_win_64/winavr/bin/../lib/gcc/avr/4.3.3/avr5\libgcc.a(_mul_sf.o)
 .bss           0x00800168        0x0 d:/embeded systems/imt course/imt tools/01 imt sdk/imt_sdk_win_64/winavr/bin/../lib/gcc/avr/4.3.3/avr5\libgcc.a(_gt_sf.o)
 .bss           0x00800168        0x0 d:/embeded systems/imt course/imt tools/01 imt sdk/imt_sdk_win_64/winavr/bin/../lib/gcc/avr/4.3.3/avr5\libgcc.a(_ge_sf.o)
 .bss           0x00800168        0x0 d:/embeded systems/imt course/imt tools/01 imt sdk/imt_sdk_win_64/winavr/bin/../lib/gcc/avr/4.3.3/avr5\libgcc.a(_lt_sf.o)
 .bss           0x00800168        0x0 d:/embeded systems/imt course/imt tools/01 imt sdk/imt_sdk_win_64/winavr/bin/../lib/gcc/avr/4.3.3/avr5\libgcc.a(_sf_to_si.o)
 .bss           0x00800168        0x0 d:/embeded systems/imt course/imt tools/01 imt sdk/imt_sdk_win_64/winavr/bin/../lib/gcc/avr/4.3.3/avr5\libgcc.a(_thenan_sf.o)
 .bss           0x00800168        0x0 d:/embeded systems/imt course/imt tools/01 imt sdk/imt_sdk_win_64/winavr/bin/../lib/gcc/avr/4.3.3/avr5\libgcc.a(_usi_to_sf.o)
 .bss           0x00800168        0x0 d:/embeded systems/imt course/imt tools/01 imt sdk/imt_sdk_win_64/winavr/bin/../lib/gcc/avr/4.3.3/avr5\libgcc.a(_prologue.o)
 .bss           0x00800168        0x0 d:/embeded systems/imt course/imt tools/01 imt sdk/imt_sdk_win_64/winavr/bin/../lib/gcc/avr/4.3.3/avr5\libgcc.a(_epilogue.o)
 .bss           0x00800168        0x0 d:/embeded systems/imt course/imt tools/01 imt sdk/imt_sdk_win_64/winavr/bin/../lib/gcc/avr/4.3.3/avr5\libgcc.a(_copy_data.o)
 .bss           0x00800168        0x0 d:/embeded systems/imt course/imt tools/01 imt sdk/imt_sdk_win_64/winavr/bin/../lib/gcc/avr/4.3.3/avr5\libgcc.a(_clzsi2.o)
 .bss           0x00800168        0x0 d:/embeded systems/imt course/imt tools/01 imt sdk/imt_sdk_win_64/winavr/bin/../lib/gcc/avr/4.3.3/avr5\libgcc.a(_pack_sf.o)
 .bss           0x00800168        0x0 d:/embeded systems/imt course/imt tools/01 imt sdk/imt_sdk_win_64/winavr/bin/../lib/gcc/avr/4.3.3/avr5\libgcc.a(_unpack_sf.o)
 .bss           0x00800168        0x0 d:/embeded systems/imt course/imt tools/01 imt sdk/imt_sdk_win_64/winavr/bin/../lib/gcc/avr/4.3.3/avr5\libgcc.a(_fpcmp_parts_sf.o)
 .bss           0x00800168        0x0 d:/embeded systems/imt course/imt tools/01 imt sdk/imt_sdk_win_64/winavr/bin/../lib/gcc/avr/4.3.3/avr5\libgcc.a(_clz.o)
 *(.bss*)
 .bss.G_u8DataSend
                0x00800168        0x1 ./MCAL/UART/UART_prg.o
 .bss.G_u32PrevW
                0x00800169        0x4 ./HAL/HR_OXIMETER/HR_OXIMETER_prg.o
                0x00800169                G_u32PrevW
 .bss.G_u32NOfSamples
                0x0080016d        0x4 ./HAL/HR_OXIMETER/HR_OXIMETER_prg.o
                0x0080016d                G_u32NOfSamples
 .bss.G_u32Iterator
                0x00800171        0x4 ./HAL/HR_OXIMETER/HR_OXIMETER_prg.o
                0x00800171                G_u32Iterator
 .bss.G_u8FilterIterator
                0x00800175        0x1 ./HAL/HR_OXIMETER/HR_OXIMETER_prg.o
                0x00800175                G_u8FilterIterator
 *(COMMON)
 COMMON         0x00800176        0x2 ./MCAL/UART/UART_prg.o
                0x00800176                G_PTR_FUNC_RX
 COMMON         0x00800178        0x6 ./MCAL/EXTI/EXTI_prg.o
                0x00800178                G_ISR_INT1_ptr
                0x0080017a                G_ISR_INT0_ptr
                0x0080017c                G_ISR_INT2_ptr
 COMMON         0x0080017e      0xe10 ./HAL/HR_OXIMETER/HR_OXIMETER_prg.o
                0x0080017e                FIFO_READINGS_FILTERED_IR
                0x0080071e                FIFO_READINGS_BUFFER
                0x00800cbe                G_u32DCFilteredIR
                0x00800f8e                PROVIDE (__bss_end, .)
                0x00002982                __data_load_start = LOADADDR (.data)
                0x00002a8a                __data_load_end = (__data_load_start + SIZEOF (.data))

.noinit         0x00800f8e        0x0
                0x00800f8e                PROVIDE (__noinit_start, .)
 *(.noinit*)
                0x00800f8e                PROVIDE (__noinit_end, .)
                0x00800f8e                _end = .
                0x00800f8e                PROVIDE (__heap_start, .)

.eeprom         0x00810000        0x0
 *(.eeprom*)
                0x00810000                __eeprom_end = .

.fuse
 *(.fuse)
 *(.lfuse)
 *(.hfuse)
 *(.efuse)

.lock
 *(.lock*)

.signature
 *(.signature*)

.stab           0x00000000     0x2a9c
 *(.stab)
 .stab          0x00000000      0x72c ./MCAL/UART/UART_prg.o
 .stab          0x0000072c      0x450 ./MCAL/TWI/TWI_prg.o
                                0x45c (size before relaxing)
 .stab          0x00000b7c      0x234 ./MCAL/GIE/GIE_prg.o
                                0x240 (size before relaxing)
 .stab          0x00000db0      0x3fc ./MCAL/EXTI/EXTI_prg.o
                                0x408 (size before relaxing)
 .stab          0x000011ac      0x60c ./MCAL/DIO/DIO_prg.o
                                0x618 (size before relaxing)
 .stab          0x000017b8      0xf30 ./HAL/HR_OXIMETER/HR_OXIMETER_prg.o
                               0x10d4 (size before relaxing)
 .stab          0x000026e8      0x3b4 ./App/main.o
                                0x558 (size before relaxing)

.stabstr        0x00000000     0x17a2
 *(.stabstr)
 .stabstr       0x00000000     0x17a2 ./MCAL/UART/UART_prg.o

.stab.excl
 *(.stab.excl)

.stab.exclstr
 *(.stab.exclstr)

.stab.index
 *(.stab.index)

.stab.indexstr
 *(.stab.indexstr)

.comment
 *(.comment)

.debug
 *(.debug)

.line
 *(.line)

.debug_srcinfo
 *(.debug_srcinfo)

.debug_sfnames
 *(.debug_sfnames)

.debug_aranges  0x00000000      0x180
 *(.debug_aranges)
 .debug_aranges
                0x00000000       0x20 d:/embeded systems/imt course/imt tools/01 imt sdk/imt_sdk_win_64/winavr/bin/../lib/gcc/avr/4.3.3/avr5\libgcc.a(_fixunssfsi.o)
 .debug_aranges
                0x00000020       0x20 d:/embeded systems/imt course/imt tools/01 imt sdk/imt_sdk_win_64/winavr/bin/../lib/gcc/avr/4.3.3/avr5\libgcc.a(_addsub_sf.o)
 .debug_aranges
                0x00000040       0x20 d:/embeded systems/imt course/imt tools/01 imt sdk/imt_sdk_win_64/winavr/bin/../lib/gcc/avr/4.3.3/avr5\libgcc.a(_mul_sf.o)
 .debug_aranges
                0x00000060       0x20 d:/embeded systems/imt course/imt tools/01 imt sdk/imt_sdk_win_64/winavr/bin/../lib/gcc/avr/4.3.3/avr5\libgcc.a(_gt_sf.o)
 .debug_aranges
                0x00000080       0x20 d:/embeded systems/imt course/imt tools/01 imt sdk/imt_sdk_win_64/winavr/bin/../lib/gcc/avr/4.3.3/avr5\libgcc.a(_ge_sf.o)
 .debug_aranges
                0x000000a0       0x20 d:/embeded systems/imt course/imt tools/01 imt sdk/imt_sdk_win_64/winavr/bin/../lib/gcc/avr/4.3.3/avr5\libgcc.a(_lt_sf.o)
 .debug_aranges
                0x000000c0       0x20 d:/embeded systems/imt course/imt tools/01 imt sdk/imt_sdk_win_64/winavr/bin/../lib/gcc/avr/4.3.3/avr5\libgcc.a(_sf_to_si.o)
 .debug_aranges
                0x000000e0       0x20 d:/embeded systems/imt course/imt tools/01 imt sdk/imt_sdk_win_64/winavr/bin/../lib/gcc/avr/4.3.3/avr5\libgcc.a(_usi_to_sf.o)
 .debug_aranges
                0x00000100       0x20 d:/embeded systems/imt course/imt tools/01 imt sdk/imt_sdk_win_64/winavr/bin/../lib/gcc/avr/4.3.3/avr5\libgcc.a(_clzsi2.o)
 .debug_aranges
                0x00000120       0x20 d:/embeded systems/imt course/imt tools/01 imt sdk/imt_sdk_win_64/winavr/bin/../lib/gcc/avr/4.3.3/avr5\libgcc.a(_pack_sf.o)
 .debug_aranges
                0x00000140       0x20 d:/embeded systems/imt course/imt tools/01 imt sdk/imt_sdk_win_64/winavr/bin/../lib/gcc/avr/4.3.3/avr5\libgcc.a(_unpack_sf.o)
 .debug_aranges
                0x00000160       0x20 d:/embeded systems/imt course/imt tools/01 imt sdk/imt_sdk_win_64/winavr/bin/../lib/gcc/avr/4.3.3/avr5\libgcc.a(_fpcmp_parts_sf.o)

.debug_pubnames
                0x00000000      0x1d3
 *(.debug_pubnames)
 .debug_pubnames
                0x00000000       0x23 d:/embeded systems/imt course/imt tools/01 imt sdk/imt_sdk_win_64/winavr/bin/../lib/gcc/avr/4.3.3/avr5\libgcc.a(_fixunssfsi.o)
 .debug_pubnames
                0x00000023       0x2c d:/embeded systems/imt course/imt tools/01 imt sdk/imt_sdk_win_64/winavr/bin/../lib/gcc/avr/4.3.3/avr5\libgcc.a(_addsub_sf.o)
 .debug_pubnames
                0x0000004f       0x1f d:/embeded systems/imt course/imt tools/01 imt sdk/imt_sdk_win_64/winavr/bin/../lib/gcc/avr/4.3.3/avr5\libgcc.a(_mul_sf.o)
 .debug_pubnames
                0x0000006e       0x1e d:/embeded systems/imt course/imt tools/01 imt sdk/imt_sdk_win_64/winavr/bin/../lib/gcc/avr/4.3.3/avr5\libgcc.a(_gt_sf.o)
 .debug_pubnames
                0x0000008c       0x1e d:/embeded systems/imt course/imt tools/01 imt sdk/imt_sdk_win_64/winavr/bin/../lib/gcc/avr/4.3.3/avr5\libgcc.a(_ge_sf.o)
 .debug_pubnames
                0x000000aa       0x1e d:/embeded systems/imt course/imt tools/01 imt sdk/imt_sdk_win_64/winavr/bin/../lib/gcc/avr/4.3.3/avr5\libgcc.a(_lt_sf.o)
 .debug_pubnames
                0x000000c8       0x20 d:/embeded systems/imt course/imt tools/01 imt sdk/imt_sdk_win_64/winavr/bin/../lib/gcc/avr/4.3.3/avr5\libgcc.a(_sf_to_si.o)
 .debug_pubnames
                0x000000e8       0x22 d:/embeded systems/imt course/imt tools/01 imt sdk/imt_sdk_win_64/winavr/bin/../lib/gcc/avr/4.3.3/avr5\libgcc.a(_thenan_sf.o)
 .debug_pubnames
                0x0000010a       0x24 d:/embeded systems/imt course/imt tools/01 imt sdk/imt_sdk_win_64/winavr/bin/../lib/gcc/avr/4.3.3/avr5\libgcc.a(_usi_to_sf.o)
 .debug_pubnames
                0x0000012e       0x1f d:/embeded systems/imt course/imt tools/01 imt sdk/imt_sdk_win_64/winavr/bin/../lib/gcc/avr/4.3.3/avr5\libgcc.a(_clzsi2.o)
 .debug_pubnames
                0x0000014d       0x1f d:/embeded systems/imt course/imt tools/01 imt sdk/imt_sdk_win_64/winavr/bin/../lib/gcc/avr/4.3.3/avr5\libgcc.a(_pack_sf.o)
 .debug_pubnames
                0x0000016c       0x21 d:/embeded systems/imt course/imt tools/01 imt sdk/imt_sdk_win_64/winavr/bin/../lib/gcc/avr/4.3.3/avr5\libgcc.a(_unpack_sf.o)
 .debug_pubnames
                0x0000018d       0x26 d:/embeded systems/imt course/imt tools/01 imt sdk/imt_sdk_win_64/winavr/bin/../lib/gcc/avr/4.3.3/avr5\libgcc.a(_fpcmp_parts_sf.o)
 .debug_pubnames
                0x000001b3       0x20 d:/embeded systems/imt course/imt tools/01 imt sdk/imt_sdk_win_64/winavr/bin/../lib/gcc/avr/4.3.3/avr5\libgcc.a(_clz.o)

.debug_info     0x00000000     0x200f
 *(.debug_info)
 .debug_info    0x00000000       0xb1 d:/embeded systems/imt course/imt tools/01 imt sdk/imt_sdk_win_64/winavr/bin/../lib/gcc/avr/4.3.3/avr5\libgcc.a(_fixunssfsi.o)
 .debug_info    0x000000b1      0x47a d:/embeded systems/imt course/imt tools/01 imt sdk/imt_sdk_win_64/winavr/bin/../lib/gcc/avr/4.3.3/avr5\libgcc.a(_addsub_sf.o)
 .debug_info    0x0000052b      0x485 d:/embeded systems/imt course/imt tools/01 imt sdk/imt_sdk_win_64/winavr/bin/../lib/gcc/avr/4.3.3/avr5\libgcc.a(_mul_sf.o)
 .debug_info    0x000009b0      0x27f d:/embeded systems/imt course/imt tools/01 imt sdk/imt_sdk_win_64/winavr/bin/../lib/gcc/avr/4.3.3/avr5\libgcc.a(_gt_sf.o)
 .debug_info    0x00000c2f      0x27f d:/embeded systems/imt course/imt tools/01 imt sdk/imt_sdk_win_64/winavr/bin/../lib/gcc/avr/4.3.3/avr5\libgcc.a(_ge_sf.o)
 .debug_info    0x00000eae      0x27f d:/embeded systems/imt course/imt tools/01 imt sdk/imt_sdk_win_64/winavr/bin/../lib/gcc/avr/4.3.3/avr5\libgcc.a(_lt_sf.o)
 .debug_info    0x0000112d      0x2b0 d:/embeded systems/imt course/imt tools/01 imt sdk/imt_sdk_win_64/winavr/bin/../lib/gcc/avr/4.3.3/avr5\libgcc.a(_sf_to_si.o)
 .debug_info    0x000013dd      0x12c d:/embeded systems/imt course/imt tools/01 imt sdk/imt_sdk_win_64/winavr/bin/../lib/gcc/avr/4.3.3/avr5\libgcc.a(_thenan_sf.o)
 .debug_info    0x00001509      0x206 d:/embeded systems/imt course/imt tools/01 imt sdk/imt_sdk_win_64/winavr/bin/../lib/gcc/avr/4.3.3/avr5\libgcc.a(_usi_to_sf.o)
 .debug_info    0x0000170f      0x117 d:/embeded systems/imt course/imt tools/01 imt sdk/imt_sdk_win_64/winavr/bin/../lib/gcc/avr/4.3.3/avr5\libgcc.a(_clzsi2.o)
 .debug_info    0x00001826      0x2df d:/embeded systems/imt course/imt tools/01 imt sdk/imt_sdk_win_64/winavr/bin/../lib/gcc/avr/4.3.3/avr5\libgcc.a(_pack_sf.o)
 .debug_info    0x00001b05      0x251 d:/embeded systems/imt course/imt tools/01 imt sdk/imt_sdk_win_64/winavr/bin/../lib/gcc/avr/4.3.3/avr5\libgcc.a(_unpack_sf.o)
 .debug_info    0x00001d56      0x210 d:/embeded systems/imt course/imt tools/01 imt sdk/imt_sdk_win_64/winavr/bin/../lib/gcc/avr/4.3.3/avr5\libgcc.a(_fpcmp_parts_sf.o)
 .debug_info    0x00001f66       0xa9 d:/embeded systems/imt course/imt tools/01 imt sdk/imt_sdk_win_64/winavr/bin/../lib/gcc/avr/4.3.3/avr5\libgcc.a(_clz.o)
 *(.gnu.linkonce.wi.*)

.debug_abbrev   0x00000000     0x1170
 *(.debug_abbrev)
 .debug_abbrev  0x00000000       0x5d d:/embeded systems/imt course/imt tools/01 imt sdk/imt_sdk_win_64/winavr/bin/../lib/gcc/avr/4.3.3/avr5\libgcc.a(_fixunssfsi.o)
 .debug_abbrev  0x0000005d      0x1ea d:/embeded systems/imt course/imt tools/01 imt sdk/imt_sdk_win_64/winavr/bin/../lib/gcc/avr/4.3.3/avr5\libgcc.a(_addsub_sf.o)
 .debug_abbrev  0x00000247      0x21b d:/embeded systems/imt course/imt tools/01 imt sdk/imt_sdk_win_64/winavr/bin/../lib/gcc/avr/4.3.3/avr5\libgcc.a(_mul_sf.o)
 .debug_abbrev  0x00000462      0x15a d:/embeded systems/imt course/imt tools/01 imt sdk/imt_sdk_win_64/winavr/bin/../lib/gcc/avr/4.3.3/avr5\libgcc.a(_gt_sf.o)
 .debug_abbrev  0x000005bc      0x15a d:/embeded systems/imt course/imt tools/01 imt sdk/imt_sdk_win_64/winavr/bin/../lib/gcc/avr/4.3.3/avr5\libgcc.a(_ge_sf.o)
 .debug_abbrev  0x00000716      0x15a d:/embeded systems/imt course/imt tools/01 imt sdk/imt_sdk_win_64/winavr/bin/../lib/gcc/avr/4.3.3/avr5\libgcc.a(_lt_sf.o)
 .debug_abbrev  0x00000870      0x17f d:/embeded systems/imt course/imt tools/01 imt sdk/imt_sdk_win_64/winavr/bin/../lib/gcc/avr/4.3.3/avr5\libgcc.a(_sf_to_si.o)
 .debug_abbrev  0x000009ef       0xad d:/embeded systems/imt course/imt tools/01 imt sdk/imt_sdk_win_64/winavr/bin/../lib/gcc/avr/4.3.3/avr5\libgcc.a(_thenan_sf.o)
 .debug_abbrev  0x00000a9c      0x157 d:/embeded systems/imt course/imt tools/01 imt sdk/imt_sdk_win_64/winavr/bin/../lib/gcc/avr/4.3.3/avr5\libgcc.a(_usi_to_sf.o)
 .debug_abbrev  0x00000bf3       0xc4 d:/embeded systems/imt course/imt tools/01 imt sdk/imt_sdk_win_64/winavr/bin/../lib/gcc/avr/4.3.3/avr5\libgcc.a(_clzsi2.o)
 .debug_abbrev  0x00000cb7      0x1c0 d:/embeded systems/imt course/imt tools/01 imt sdk/imt_sdk_win_64/winavr/bin/../lib/gcc/avr/4.3.3/avr5\libgcc.a(_pack_sf.o)
 .debug_abbrev  0x00000e77      0x154 d:/embeded systems/imt course/imt tools/01 imt sdk/imt_sdk_win_64/winavr/bin/../lib/gcc/avr/4.3.3/avr5\libgcc.a(_unpack_sf.o)
 .debug_abbrev  0x00000fcb      0x13b d:/embeded systems/imt course/imt tools/01 imt sdk/imt_sdk_win_64/winavr/bin/../lib/gcc/avr/4.3.3/avr5\libgcc.a(_fpcmp_parts_sf.o)
 .debug_abbrev  0x00001106       0x6a d:/embeded systems/imt course/imt tools/01 imt sdk/imt_sdk_win_64/winavr/bin/../lib/gcc/avr/4.3.3/avr5\libgcc.a(_clz.o)

.debug_line     0x00000000     0x1001
 *(.debug_line)
 .debug_line    0x00000000       0xa7 d:/embeded systems/imt course/imt tools/01 imt sdk/imt_sdk_win_64/winavr/bin/../lib/gcc/avr/4.3.3/avr5\libgcc.a(_fixunssfsi.o)
 .debug_line    0x000000a7      0x2af d:/embeded systems/imt course/imt tools/01 imt sdk/imt_sdk_win_64/winavr/bin/../lib/gcc/avr/4.3.3/avr5\libgcc.a(_addsub_sf.o)
 .debug_line    0x00000356      0x239 d:/embeded systems/imt course/imt tools/01 imt sdk/imt_sdk_win_64/winavr/bin/../lib/gcc/avr/4.3.3/avr5\libgcc.a(_mul_sf.o)
 .debug_line    0x0000058f       0xd3 d:/embeded systems/imt course/imt tools/01 imt sdk/imt_sdk_win_64/winavr/bin/../lib/gcc/avr/4.3.3/avr5\libgcc.a(_gt_sf.o)
 .debug_line    0x00000662       0xd3 d:/embeded systems/imt course/imt tools/01 imt sdk/imt_sdk_win_64/winavr/bin/../lib/gcc/avr/4.3.3/avr5\libgcc.a(_ge_sf.o)
 .debug_line    0x00000735       0xd3 d:/embeded systems/imt course/imt tools/01 imt sdk/imt_sdk_win_64/winavr/bin/../lib/gcc/avr/4.3.3/avr5\libgcc.a(_lt_sf.o)
 .debug_line    0x00000808      0x109 d:/embeded systems/imt course/imt tools/01 imt sdk/imt_sdk_win_64/winavr/bin/../lib/gcc/avr/4.3.3/avr5\libgcc.a(_sf_to_si.o)
 .debug_line    0x00000911       0x90 d:/embeded systems/imt course/imt tools/01 imt sdk/imt_sdk_win_64/winavr/bin/../lib/gcc/avr/4.3.3/avr5\libgcc.a(_thenan_sf.o)
 .debug_line    0x000009a1      0x133 d:/embeded systems/imt course/imt tools/01 imt sdk/imt_sdk_win_64/winavr/bin/../lib/gcc/avr/4.3.3/avr5\libgcc.a(_usi_to_sf.o)
 .debug_line    0x00000ad4       0xa5 d:/embeded systems/imt course/imt tools/01 imt sdk/imt_sdk_win_64/winavr/bin/../lib/gcc/avr/4.3.3/avr5\libgcc.a(_clzsi2.o)
 .debug_line    0x00000b79      0x18a d:/embeded systems/imt course/imt tools/01 imt sdk/imt_sdk_win_64/winavr/bin/../lib/gcc/avr/4.3.3/avr5\libgcc.a(_pack_sf.o)
 .debug_line    0x00000d03      0x14b d:/embeded systems/imt course/imt tools/01 imt sdk/imt_sdk_win_64/winavr/bin/../lib/gcc/avr/4.3.3/avr5\libgcc.a(_unpack_sf.o)
 .debug_line    0x00000e4e      0x137 d:/embeded systems/imt course/imt tools/01 imt sdk/imt_sdk_win_64/winavr/bin/../lib/gcc/avr/4.3.3/avr5\libgcc.a(_fpcmp_parts_sf.o)
 .debug_line    0x00000f85       0x7c d:/embeded systems/imt course/imt tools/01 imt sdk/imt_sdk_win_64/winavr/bin/../lib/gcc/avr/4.3.3/avr5\libgcc.a(_clz.o)

.debug_frame    0x00000000      0x1a0
 *(.debug_frame)
 .debug_frame   0x00000000       0x20 d:/embeded systems/imt course/imt tools/01 imt sdk/imt_sdk_win_64/winavr/bin/../lib/gcc/avr/4.3.3/avr5\libgcc.a(_fixunssfsi.o)
 .debug_frame   0x00000020       0x40 d:/embeded systems/imt course/imt tools/01 imt sdk/imt_sdk_win_64/winavr/bin/../lib/gcc/avr/4.3.3/avr5\libgcc.a(_addsub_sf.o)
 .debug_frame   0x00000060       0x20 d:/embeded systems/imt course/imt tools/01 imt sdk/imt_sdk_win_64/winavr/bin/../lib/gcc/avr/4.3.3/avr5\libgcc.a(_mul_sf.o)
 .debug_frame   0x00000080       0x20 d:/embeded systems/imt course/imt tools/01 imt sdk/imt_sdk_win_64/winavr/bin/../lib/gcc/avr/4.3.3/avr5\libgcc.a(_gt_sf.o)
 .debug_frame   0x000000a0       0x20 d:/embeded systems/imt course/imt tools/01 imt sdk/imt_sdk_win_64/winavr/bin/../lib/gcc/avr/4.3.3/avr5\libgcc.a(_ge_sf.o)
 .debug_frame   0x000000c0       0x20 d:/embeded systems/imt course/imt tools/01 imt sdk/imt_sdk_win_64/winavr/bin/../lib/gcc/avr/4.3.3/avr5\libgcc.a(_lt_sf.o)
 .debug_frame   0x000000e0       0x20 d:/embeded systems/imt course/imt tools/01 imt sdk/imt_sdk_win_64/winavr/bin/../lib/gcc/avr/4.3.3/avr5\libgcc.a(_sf_to_si.o)
 .debug_frame   0x00000100       0x20 d:/embeded systems/imt course/imt tools/01 imt sdk/imt_sdk_win_64/winavr/bin/../lib/gcc/avr/4.3.3/avr5\libgcc.a(_usi_to_sf.o)
 .debug_frame   0x00000120       0x20 d:/embeded systems/imt course/imt tools/01 imt sdk/imt_sdk_win_64/winavr/bin/../lib/gcc/avr/4.3.3/avr5\libgcc.a(_clzsi2.o)
 .debug_frame   0x00000140       0x20 d:/embeded systems/imt course/imt tools/01 imt sdk/imt_sdk_win_64/winavr/bin/../lib/gcc/avr/4.3.3/avr5\libgcc.a(_pack_sf.o)
 .debug_frame   0x00000160       0x20 d:/embeded systems/imt course/imt tools/01 imt sdk/imt_sdk_win_64/winavr/bin/../lib/gcc/avr/4.3.3/avr5\libgcc.a(_unpack_sf.o)
 .debug_frame   0x00000180       0x20 d:/embeded systems/imt course/imt tools/01 imt sdk/imt_sdk_win_64/winavr/bin/../lib/gcc/avr/4.3.3/avr5\libgcc.a(_fpcmp_parts_sf.o)

.debug_str      0x00000000      0x2c1
 *(.debug_str)
 .debug_str     0x00000000       0xbf d:/embeded systems/imt course/imt tools/01 imt sdk/imt_sdk_win_64/winavr/bin/../lib/gcc/avr/4.3.3/avr5\libgcc.a(_fixunssfsi.o)
                                 0xfe (size before relaxing)
 .debug_str     0x000000bf      0x14d d:/embeded systems/imt course/imt tools/01 imt sdk/imt_sdk_win_64/winavr/bin/../lib/gcc/avr/4.3.3/avr5\libgcc.a(_addsub_sf.o)
                                0x206 (size before relaxing)
 .debug_str     0x0000020c       0x27 d:/embeded systems/imt course/imt tools/01 imt sdk/imt_sdk_win_64/winavr/bin/../lib/gcc/avr/4.3.3/avr5\libgcc.a(_mul_sf.o)
                                0x1bf (size before relaxing)
 .debug_str     0x00000233        0x8 d:/embeded systems/imt course/imt tools/01 imt sdk/imt_sdk_win_64/winavr/bin/../lib/gcc/avr/4.3.3/avr5\libgcc.a(_gt_sf.o)
                                0x195 (size before relaxing)
 .debug_str     0x0000023b        0x8 d:/embeded systems/imt course/imt tools/01 imt sdk/imt_sdk_win_64/winavr/bin/../lib/gcc/avr/4.3.3/avr5\libgcc.a(_ge_sf.o)
                                0x195 (size before relaxing)
 .debug_str     0x00000243        0x8 d:/embeded systems/imt course/imt tools/01 imt sdk/imt_sdk_win_64/winavr/bin/../lib/gcc/avr/4.3.3/avr5\libgcc.a(_lt_sf.o)
                                0x195 (size before relaxing)
 .debug_str     0x0000024b        0xa d:/embeded systems/imt course/imt tools/01 imt sdk/imt_sdk_win_64/winavr/bin/../lib/gcc/avr/4.3.3/avr5\libgcc.a(_sf_to_si.o)
                                0x19e (size before relaxing)
 .debug_str     0x00000000      0x103 d:/embeded systems/imt course/imt tools/01 imt sdk/imt_sdk_win_64/winavr/bin/../lib/gcc/avr/4.3.3/avr5\libgcc.a(_thenan_sf.o)
 .debug_str     0x00000255       0x21 d:/embeded systems/imt course/imt tools/01 imt sdk/imt_sdk_win_64/winavr/bin/../lib/gcc/avr/4.3.3/avr5\libgcc.a(_usi_to_sf.o)
                                0x177 (size before relaxing)
 .debug_str     0x00000276       0x20 d:/embeded systems/imt course/imt tools/01 imt sdk/imt_sdk_win_64/winavr/bin/../lib/gcc/avr/4.3.3/avr5\libgcc.a(_clzsi2.o)
                                0x111 (size before relaxing)
 .debug_str     0x00000296       0x10 d:/embeded systems/imt course/imt tools/01 imt sdk/imt_sdk_win_64/winavr/bin/../lib/gcc/avr/4.3.3/avr5\libgcc.a(_pack_sf.o)
                                0x19d (size before relaxing)
 .debug_str     0x000002a6        0xb d:/embeded systems/imt course/imt tools/01 imt sdk/imt_sdk_win_64/winavr/bin/../lib/gcc/avr/4.3.3/avr5\libgcc.a(_unpack_sf.o)
                                0x17f (size before relaxing)
 .debug_str     0x000002b1       0x10 d:/embeded systems/imt course/imt tools/01 imt sdk/imt_sdk_win_64/winavr/bin/../lib/gcc/avr/4.3.3/avr5\libgcc.a(_fpcmp_parts_sf.o)
                                0x163 (size before relaxing)
 .debug_str     0x00000000       0xf4 d:/embeded systems/imt course/imt tools/01 imt sdk/imt_sdk_win_64/winavr/bin/../lib/gcc/avr/4.3.3/avr5\libgcc.a(_clz.o)

.debug_loc      0x00000000      0x8ae
 *(.debug_loc)
 .debug_loc     0x00000000       0x34 d:/embeded systems/imt course/imt tools/01 imt sdk/imt_sdk_win_64/winavr/bin/../lib/gcc/avr/4.3.3/avr5\libgcc.a(_fixunssfsi.o)
 .debug_loc     0x00000034      0x32a d:/embeded systems/imt course/imt tools/01 imt sdk/imt_sdk_win_64/winavr/bin/../lib/gcc/avr/4.3.3/avr5\libgcc.a(_addsub_sf.o)
 .debug_loc     0x0000035e      0x104 d:/embeded systems/imt course/imt tools/01 imt sdk/imt_sdk_win_64/winavr/bin/../lib/gcc/avr/4.3.3/avr5\libgcc.a(_mul_sf.o)
 .debug_loc     0x00000462       0x3c d:/embeded systems/imt course/imt tools/01 imt sdk/imt_sdk_win_64/winavr/bin/../lib/gcc/avr/4.3.3/avr5\libgcc.a(_gt_sf.o)
 .debug_loc     0x0000049e       0x3c d:/embeded systems/imt course/imt tools/01 imt sdk/imt_sdk_win_64/winavr/bin/../lib/gcc/avr/4.3.3/avr5\libgcc.a(_ge_sf.o)
 .debug_loc     0x000004da       0x3c d:/embeded systems/imt course/imt tools/01 imt sdk/imt_sdk_win_64/winavr/bin/../lib/gcc/avr/4.3.3/avr5\libgcc.a(_lt_sf.o)
 .debug_loc     0x00000516       0x7e d:/embeded systems/imt course/imt tools/01 imt sdk/imt_sdk_win_64/winavr/bin/../lib/gcc/avr/4.3.3/avr5\libgcc.a(_sf_to_si.o)
 .debug_loc     0x00000594       0x4c d:/embeded systems/imt course/imt tools/01 imt sdk/imt_sdk_win_64/winavr/bin/../lib/gcc/avr/4.3.3/avr5\libgcc.a(_usi_to_sf.o)
 .debug_loc     0x000005e0       0x94 d:/embeded systems/imt course/imt tools/01 imt sdk/imt_sdk_win_64/winavr/bin/../lib/gcc/avr/4.3.3/avr5\libgcc.a(_clzsi2.o)
 .debug_loc     0x00000674      0x13e d:/embeded systems/imt course/imt tools/01 imt sdk/imt_sdk_win_64/winavr/bin/../lib/gcc/avr/4.3.3/avr5\libgcc.a(_pack_sf.o)
 .debug_loc     0x000007b2       0xac d:/embeded systems/imt course/imt tools/01 imt sdk/imt_sdk_win_64/winavr/bin/../lib/gcc/avr/4.3.3/avr5\libgcc.a(_unpack_sf.o)
 .debug_loc     0x0000085e       0x50 d:/embeded systems/imt course/imt tools/01 imt sdk/imt_sdk_win_64/winavr/bin/../lib/gcc/avr/4.3.3/avr5\libgcc.a(_fpcmp_parts_sf.o)

.debug_macinfo
 *(.debug_macinfo)
OUTPUT(Max30102_v2.0.elf elf32-avr)
LOAD linker stubs

.debug_ranges   0x00000000       0x50
 .debug_ranges  0x00000000       0x50 d:/embeded systems/imt course/imt tools/01 imt sdk/imt_sdk_win_64/winavr/bin/../lib/gcc/avr/4.3.3/avr5\libgcc.a(_mul_sf.o)
