Archive member included because of file (symbol)

d:/embeded systems/imt course/imt tools/01 imt sdk/imt_sdk_win_64/winavr/bin/../lib/gcc/avr/4.3.3/avr5\libgcc.a(_udivmodqi4.o)
                              ./HAL/HR_OXIMETER/HR_OXIMETER_prg.o (__udivmodqi4)
d:/embeded systems/imt course/imt tools/01 imt sdk/imt_sdk_win_64/winavr/bin/../lib/gcc/avr/4.3.3/avr5\libgcc.a(_exit.o)
                              d:/embeded systems/imt course/imt tools/01 imt sdk/imt_sdk_win_64/winavr/bin/../lib/gcc/avr/4.3.3/../../../../avr/lib/avr5/crtm32.o (exit)
d:/embeded systems/imt course/imt tools/01 imt sdk/imt_sdk_win_64/winavr/bin/../lib/gcc/avr/4.3.3/avr5\libgcc.a(_clear_bss.o)
                              ./MCAL/UART/UART_prg.o (__do_clear_bss)
d:/embeded systems/imt course/imt tools/01 imt sdk/imt_sdk_win_64/winavr/bin/../lib/gcc/avr/4.3.3/avr5\libgcc.a(_fixunssfsi.o)
                              ./MCAL/TIMER/TIMER_prg.o (__fixunssfsi)
d:/embeded systems/imt course/imt tools/01 imt sdk/imt_sdk_win_64/winavr/bin/../lib/gcc/avr/4.3.3/avr5\libgcc.a(_addsub_sf.o)
                              ./HAL/HR_OXIMETER/HR_OXIMETER_prg.o (__subsf3)
d:/embeded systems/imt course/imt tools/01 imt sdk/imt_sdk_win_64/winavr/bin/../lib/gcc/avr/4.3.3/avr5\libgcc.a(_mul_sf.o)
                              ./MCAL/TIMER/TIMER_prg.o (__mulsf3)
d:/embeded systems/imt course/imt tools/01 imt sdk/imt_sdk_win_64/winavr/bin/../lib/gcc/avr/4.3.3/avr5\libgcc.a(_div_sf.o)
                              ./MCAL/TIMER/TIMER_prg.o (__divsf3)
d:/embeded systems/imt course/imt tools/01 imt sdk/imt_sdk_win_64/winavr/bin/../lib/gcc/avr/4.3.3/avr5\libgcc.a(_gt_sf.o)
                              ./HAL/HR_OXIMETER/HR_OXIMETER_prg.o (__gtsf2)
d:/embeded systems/imt course/imt tools/01 imt sdk/imt_sdk_win_64/winavr/bin/../lib/gcc/avr/4.3.3/avr5\libgcc.a(_ge_sf.o)
                              ./HAL/HR_OXIMETER/HR_OXIMETER_prg.o (__gesf2)
d:/embeded systems/imt course/imt tools/01 imt sdk/imt_sdk_win_64/winavr/bin/../lib/gcc/avr/4.3.3/avr5\libgcc.a(_lt_sf.o)
                              ./HAL/HR_OXIMETER/HR_OXIMETER_prg.o (__ltsf2)
d:/embeded systems/imt course/imt tools/01 imt sdk/imt_sdk_win_64/winavr/bin/../lib/gcc/avr/4.3.3/avr5\libgcc.a(_si_to_sf.o)
                              ./HAL/HR_OXIMETER/HR_OXIMETER_prg.o (__floatsisf)
d:/embeded systems/imt course/imt tools/01 imt sdk/imt_sdk_win_64/winavr/bin/../lib/gcc/avr/4.3.3/avr5\libgcc.a(_sf_to_si.o)
                              d:/embeded systems/imt course/imt tools/01 imt sdk/imt_sdk_win_64/winavr/bin/../lib/gcc/avr/4.3.3/avr5\libgcc.a(_fixunssfsi.o) (__fixsfsi)
d:/embeded systems/imt course/imt tools/01 imt sdk/imt_sdk_win_64/winavr/bin/../lib/gcc/avr/4.3.3/avr5\libgcc.a(_thenan_sf.o)
                              d:/embeded systems/imt course/imt tools/01 imt sdk/imt_sdk_win_64/winavr/bin/../lib/gcc/avr/4.3.3/avr5\libgcc.a(_addsub_sf.o) (__thenan_sf)
d:/embeded systems/imt course/imt tools/01 imt sdk/imt_sdk_win_64/winavr/bin/../lib/gcc/avr/4.3.3/avr5\libgcc.a(_usi_to_sf.o)
                              ./HAL/HR_OXIMETER/HR_OXIMETER_prg.o (__floatunsisf)
d:/embeded systems/imt course/imt tools/01 imt sdk/imt_sdk_win_64/winavr/bin/../lib/gcc/avr/4.3.3/avr5\libgcc.a(_prologue.o)
                              d:/embeded systems/imt course/imt tools/01 imt sdk/imt_sdk_win_64/winavr/bin/../lib/gcc/avr/4.3.3/avr5\libgcc.a(_addsub_sf.o) (__prologue_saves__)
d:/embeded systems/imt course/imt tools/01 imt sdk/imt_sdk_win_64/winavr/bin/../lib/gcc/avr/4.3.3/avr5\libgcc.a(_epilogue.o)
                              d:/embeded systems/imt course/imt tools/01 imt sdk/imt_sdk_win_64/winavr/bin/../lib/gcc/avr/4.3.3/avr5\libgcc.a(_addsub_sf.o) (__epilogue_restores__)
d:/embeded systems/imt course/imt tools/01 imt sdk/imt_sdk_win_64/winavr/bin/../lib/gcc/avr/4.3.3/avr5\libgcc.a(_copy_data.o)
                              d:/embeded systems/imt course/imt tools/01 imt sdk/imt_sdk_win_64/winavr/bin/../lib/gcc/avr/4.3.3/avr5\libgcc.a(_thenan_sf.o) (__do_copy_data)
d:/embeded systems/imt course/imt tools/01 imt sdk/imt_sdk_win_64/winavr/bin/../lib/gcc/avr/4.3.3/avr5\libgcc.a(_clzsi2.o)
                              d:/embeded systems/imt course/imt tools/01 imt sdk/imt_sdk_win_64/winavr/bin/../lib/gcc/avr/4.3.3/avr5\libgcc.a(_si_to_sf.o) (__clzsi2)
d:/embeded systems/imt course/imt tools/01 imt sdk/imt_sdk_win_64/winavr/bin/../lib/gcc/avr/4.3.3/avr5\libgcc.a(_pack_sf.o)
                              d:/embeded systems/imt course/imt tools/01 imt sdk/imt_sdk_win_64/winavr/bin/../lib/gcc/avr/4.3.3/avr5\libgcc.a(_addsub_sf.o) (__pack_f)
d:/embeded systems/imt course/imt tools/01 imt sdk/imt_sdk_win_64/winavr/bin/../lib/gcc/avr/4.3.3/avr5\libgcc.a(_unpack_sf.o)
                              d:/embeded systems/imt course/imt tools/01 imt sdk/imt_sdk_win_64/winavr/bin/../lib/gcc/avr/4.3.3/avr5\libgcc.a(_addsub_sf.o) (__unpack_f)
d:/embeded systems/imt course/imt tools/01 imt sdk/imt_sdk_win_64/winavr/bin/../lib/gcc/avr/4.3.3/avr5\libgcc.a(_fpcmp_parts_sf.o)
                              d:/embeded systems/imt course/imt tools/01 imt sdk/imt_sdk_win_64/winavr/bin/../lib/gcc/avr/4.3.3/avr5\libgcc.a(_gt_sf.o) (__fpcmp_parts_f)
d:/embeded systems/imt course/imt tools/01 imt sdk/imt_sdk_win_64/winavr/bin/../lib/gcc/avr/4.3.3/avr5\libgcc.a(_clz.o)
                              d:/embeded systems/imt course/imt tools/01 imt sdk/imt_sdk_win_64/winavr/bin/../lib/gcc/avr/4.3.3/avr5\libgcc.a(_clzsi2.o) (__clz_tab)

Allocating common symbols
Common symbol       size              file

G_f32ValuesBPM      0x28              ./HAL/HR_OXIMETER/HR_OXIMETER_prg.o
G_ISR_INT1_ptr      0x2               ./MCAL/EXTI/EXTI_prg.o
GLB_PTRF_TIM0_OVF   0x2               ./MCAL/TIMER/TIMER_prg.o
GLB_PTRF_TIM1_CTC   0x2               ./MCAL/TIMER/TIMER_prg.o
G_ISR_INT0_ptr      0x2               ./MCAL/EXTI/EXTI_prg.o
G_f32CurrentBPM     0x4               ./HAL/HR_OXIMETER/HR_OXIMETER_prg.o
lpbFilterIR         0xc               ./HAL/HR_OXIMETER/HR_OXIMETER_prg.o
dcFilterIR          0x8               ./HAL/HR_OXIMETER/HR_OXIMETER_prg.o
meanDiffIR          0x42              ./HAL/HR_OXIMETER/HR_OXIMETER_prg.o
GLB_PTRF_TIM2_CTC   0x2               ./MCAL/TIMER/TIMER_prg.o
G_u8BPMIndex        0x1               ./HAL/HR_OXIMETER/HR_OXIMETER_prg.o
GLB_PTRF_TIM0_CTC   0x2               ./MCAL/TIMER/TIMER_prg.o
GLB_PTRF_TIM2_OVF   0x2               ./MCAL/TIMER/TIMER_prg.o
G_f32ValuesBPMSum   0x4               ./HAL/HR_OXIMETER/HR_OXIMETER_prg.o
G_u32LastBeatThreshold
                    0x4               ./HAL/HR_OXIMETER/HR_OXIMETER_prg.o
G_u8ValuesBPMCount  0x1               ./HAL/HR_OXIMETER/HR_OXIMETER_prg.o
dcFilterRed         0x8               ./HAL/HR_OXIMETER/HR_OXIMETER_prg.o
GLB_PTRF_TIM1_OVF   0x2               ./MCAL/TIMER/TIMER_prg.o
G_PTR_FUNC_RX       0x2               ./MCAL/UART/UART_prg.o
G_u8CurrentPulseDetectorState
                    0x1               ./HAL/HR_OXIMETER/HR_OXIMETER_prg.o
G_ISR_INT2_ptr      0x2               ./MCAL/EXTI/EXTI_prg.o
GLB_PTRF_TIM1_ICU   0x2               ./MCAL/TIMER/TIMER_prg.o

Memory Configuration

Name             Origin             Length             Attributes
text             0x00000000         0x00020000         xr
data             0x00800060         0x0000ffa0         rw !x
eeprom           0x00810000         0x00010000         rw !x
fuse             0x00820000         0x00000400         rw !x
lock             0x00830000         0x00000400         rw !x
signature        0x00840000         0x00000400         rw !x
*default*        0x00000000         0xffffffff

Linker script and memory map

LOAD d:/embeded systems/imt course/imt tools/01 imt sdk/imt_sdk_win_64/winavr/bin/../lib/gcc/avr/4.3.3/../../../../avr/lib/avr5/crtm32.o
LOAD ./MCAL/UART/UART_prg.o
LOAD ./MCAL/TWI/TWI_prg.o
LOAD ./MCAL/TIMER/TIMER_prg.o
LOAD ./MCAL/GIE/GIE_prg.o
LOAD ./MCAL/EXTI/EXTI_prg.o
LOAD ./MCAL/DIO/DIO_prg.o
LOAD ./HAL/HR_OXIMETER/HR_OXIMETER_prg.o
LOAD ./App/main.o
LOAD d:/embeded systems/imt course/imt tools/01 imt sdk/imt_sdk_win_64/winavr/bin/../lib/gcc/avr/4.3.3/avr5\libgcc.a
LOAD d:/embeded systems/imt course/imt tools/01 imt sdk/imt_sdk_win_64/winavr/bin/../lib/gcc/avr/4.3.3/../../../../avr/lib/avr5\libc.a
LOAD d:/embeded systems/imt course/imt tools/01 imt sdk/imt_sdk_win_64/winavr/bin/../lib/gcc/avr/4.3.3/avr5\libgcc.a

.hash
 *(.hash)

.dynsym
 *(.dynsym)

.dynstr
 *(.dynstr)

.gnu.version
 *(.gnu.version)

.gnu.version_d
 *(.gnu.version_d)

.gnu.version_r
 *(.gnu.version_r)

.rel.init
 *(.rel.init)

.rela.init
 *(.rela.init)

.rel.text
 *(.rel.text)
 *(.rel.text.*)
 *(.rel.gnu.linkonce.t*)

.rela.text
 *(.rela.text)
 *(.rela.text.*)
 *(.rela.gnu.linkonce.t*)

.rel.fini
 *(.rel.fini)

.rela.fini
 *(.rela.fini)

.rel.rodata
 *(.rel.rodata)
 *(.rel.rodata.*)
 *(.rel.gnu.linkonce.r*)

.rela.rodata
 *(.rela.rodata)
 *(.rela.rodata.*)
 *(.rela.gnu.linkonce.r*)

.rel.data
 *(.rel.data)
 *(.rel.data.*)
 *(.rel.gnu.linkonce.d*)

.rela.data
 *(.rela.data)
 *(.rela.data.*)
 *(.rela.gnu.linkonce.d*)

.rel.ctors
 *(.rel.ctors)

.rela.ctors
 *(.rela.ctors)

.rel.dtors
 *(.rel.dtors)

.rela.dtors
 *(.rela.dtors)

.rel.got
 *(.rel.got)

.rela.got
 *(.rela.got)

.rel.bss
 *(.rel.bss)

.rela.bss
 *(.rela.bss)

.rel.plt
 *(.rel.plt)

.rela.plt
 *(.rela.plt)

.text           0x00000000     0x2906
 *(.vectors)
 .vectors       0x00000000       0x54 d:/embeded systems/imt course/imt tools/01 imt sdk/imt_sdk_win_64/winavr/bin/../lib/gcc/avr/4.3.3/../../../../avr/lib/avr5/crtm32.o
                0x00000000                __vectors
                0x00000000                __vector_default
 *(.vectors)
 *(.progmem.gcc*)
 *(.progmem*)
                0x00000054                . = ALIGN (0x2)
                0x00000054                __trampolines_start = .
 *(.trampolines)
 .trampolines   0x00000054        0x0 linker stubs
 *(.trampolines*)
                0x00000054                __trampolines_end = .
 *(.jumptables)
 *(.jumptables*)
 *(.lowtext)
 *(.lowtext*)
                0x00000054                __ctors_start = .
 *(.ctors)
                0x00000054                __ctors_end = .
                0x00000054                __dtors_start = .
 *(.dtors)
                0x00000054                __dtors_end = .
 SORT(*)(.ctors)
 SORT(*)(.dtors)
 *(.init0)
 .init0         0x00000054        0x0 d:/embeded systems/imt course/imt tools/01 imt sdk/imt_sdk_win_64/winavr/bin/../lib/gcc/avr/4.3.3/../../../../avr/lib/avr5/crtm32.o
                0x00000054                __init
 *(.init0)
 *(.init1)
 *(.init1)
 *(.init2)
 .init2         0x00000054        0xc d:/embeded systems/imt course/imt tools/01 imt sdk/imt_sdk_win_64/winavr/bin/../lib/gcc/avr/4.3.3/../../../../avr/lib/avr5/crtm32.o
 *(.init2)
 *(.init3)
 *(.init3)
 *(.init4)
 .init4         0x00000060       0x10 d:/embeded systems/imt course/imt tools/01 imt sdk/imt_sdk_win_64/winavr/bin/../lib/gcc/avr/4.3.3/avr5\libgcc.a(_clear_bss.o)
                0x00000060                __do_clear_bss
 .init4         0x00000070       0x16 d:/embeded systems/imt course/imt tools/01 imt sdk/imt_sdk_win_64/winavr/bin/../lib/gcc/avr/4.3.3/avr5\libgcc.a(_copy_data.o)
                0x00000070                __do_copy_data
 *(.init4)
 *(.init5)
 *(.init5)
 *(.init6)
 *(.init6)
 *(.init7)
 *(.init7)
 *(.init8)
 *(.init8)
 *(.init9)
 .init9         0x00000086        0x8 d:/embeded systems/imt course/imt tools/01 imt sdk/imt_sdk_win_64/winavr/bin/../lib/gcc/avr/4.3.3/../../../../avr/lib/avr5/crtm32.o
 *(.init9)
 *(.text)
 .text          0x0000008e        0x4 d:/embeded systems/imt course/imt tools/01 imt sdk/imt_sdk_win_64/winavr/bin/../lib/gcc/avr/4.3.3/../../../../avr/lib/avr5/crtm32.o
                0x0000008e                __vector_12
                0x0000008e                __bad_interrupt
                0x0000008e                __vector_17
                0x0000008e                __vector_19
                0x0000008e                __vector_7
                0x0000008e                __vector_8
                0x0000008e                __vector_16
                0x0000008e                __vector_18
                0x0000008e                __vector_20
 .text          0x00000092        0x0 ./MCAL/UART/UART_prg.o
 .text          0x00000092        0x0 ./MCAL/TWI/TWI_prg.o
 .text          0x00000092        0x0 ./MCAL/TIMER/TIMER_prg.o
 .text          0x00000092        0x0 ./MCAL/GIE/GIE_prg.o
 .text          0x00000092        0x0 ./MCAL/EXTI/EXTI_prg.o
 .text          0x00000092        0x0 ./MCAL/DIO/DIO_prg.o
 .text          0x00000092        0x0 ./HAL/HR_OXIMETER/HR_OXIMETER_prg.o
 .text          0x00000092        0x0 ./App/main.o
 .text          0x00000092        0x0 d:/embeded systems/imt course/imt tools/01 imt sdk/imt_sdk_win_64/winavr/bin/../lib/gcc/avr/4.3.3/avr5\libgcc.a(_udivmodqi4.o)
 .text          0x00000092        0x0 d:/embeded systems/imt course/imt tools/01 imt sdk/imt_sdk_win_64/winavr/bin/../lib/gcc/avr/4.3.3/avr5\libgcc.a(_exit.o)
 .text          0x00000092        0x0 d:/embeded systems/imt course/imt tools/01 imt sdk/imt_sdk_win_64/winavr/bin/../lib/gcc/avr/4.3.3/avr5\libgcc.a(_clear_bss.o)
 .text          0x00000092       0x58 d:/embeded systems/imt course/imt tools/01 imt sdk/imt_sdk_win_64/winavr/bin/../lib/gcc/avr/4.3.3/avr5\libgcc.a(_fixunssfsi.o)
                0x00000092                __fixunssfsi
 .text          0x000000ea      0x354 d:/embeded systems/imt course/imt tools/01 imt sdk/imt_sdk_win_64/winavr/bin/../lib/gcc/avr/4.3.3/avr5\libgcc.a(_addsub_sf.o)
                0x00000382                __subsf3
                0x000003e4                __addsf3
 .text          0x0000043e      0x1f4 d:/embeded systems/imt course/imt tools/01 imt sdk/imt_sdk_win_64/winavr/bin/../lib/gcc/avr/4.3.3/avr5\libgcc.a(_mul_sf.o)
                0x0000043e                __mulsf3
 .text          0x00000632      0x158 d:/embeded systems/imt course/imt tools/01 imt sdk/imt_sdk_win_64/winavr/bin/../lib/gcc/avr/4.3.3/avr5\libgcc.a(_div_sf.o)
                0x00000632                __divsf3
 .text          0x0000078a       0x60 d:/embeded systems/imt course/imt tools/01 imt sdk/imt_sdk_win_64/winavr/bin/../lib/gcc/avr/4.3.3/avr5\libgcc.a(_gt_sf.o)
                0x0000078a                __gtsf2
 .text          0x000007ea       0x60 d:/embeded systems/imt course/imt tools/01 imt sdk/imt_sdk_win_64/winavr/bin/../lib/gcc/avr/4.3.3/avr5\libgcc.a(_ge_sf.o)
                0x000007ea                __gesf2
 .text          0x0000084a       0x60 d:/embeded systems/imt course/imt tools/01 imt sdk/imt_sdk_win_64/winavr/bin/../lib/gcc/avr/4.3.3/avr5\libgcc.a(_lt_sf.o)
                0x0000084a                __ltsf2
 .text          0x000008aa       0xbc d:/embeded systems/imt course/imt tools/01 imt sdk/imt_sdk_win_64/winavr/bin/../lib/gcc/avr/4.3.3/avr5\libgcc.a(_si_to_sf.o)
                0x000008aa                __floatsisf
 .text          0x00000966       0xa8 d:/embeded systems/imt course/imt tools/01 imt sdk/imt_sdk_win_64/winavr/bin/../lib/gcc/avr/4.3.3/avr5\libgcc.a(_sf_to_si.o)
                0x00000966                __fixsfsi
 .text          0x00000a0e        0x0 d:/embeded systems/imt course/imt tools/01 imt sdk/imt_sdk_win_64/winavr/bin/../lib/gcc/avr/4.3.3/avr5\libgcc.a(_thenan_sf.o)
 .text          0x00000a0e       0xf2 d:/embeded systems/imt course/imt tools/01 imt sdk/imt_sdk_win_64/winavr/bin/../lib/gcc/avr/4.3.3/avr5\libgcc.a(_usi_to_sf.o)
                0x00000a0e                __floatunsisf
 .text          0x00000b00        0x0 d:/embeded systems/imt course/imt tools/01 imt sdk/imt_sdk_win_64/winavr/bin/../lib/gcc/avr/4.3.3/avr5\libgcc.a(_prologue.o)
 .text          0x00000b00        0x0 d:/embeded systems/imt course/imt tools/01 imt sdk/imt_sdk_win_64/winavr/bin/../lib/gcc/avr/4.3.3/avr5\libgcc.a(_epilogue.o)
 .text          0x00000b00        0x0 d:/embeded systems/imt course/imt tools/01 imt sdk/imt_sdk_win_64/winavr/bin/../lib/gcc/avr/4.3.3/avr5\libgcc.a(_copy_data.o)
 .text          0x00000b00       0x9e d:/embeded systems/imt course/imt tools/01 imt sdk/imt_sdk_win_64/winavr/bin/../lib/gcc/avr/4.3.3/avr5\libgcc.a(_clzsi2.o)
                0x00000b00                __clzsi2
 .text          0x00000b9e      0x1aa d:/embeded systems/imt course/imt tools/01 imt sdk/imt_sdk_win_64/winavr/bin/../lib/gcc/avr/4.3.3/avr5\libgcc.a(_pack_sf.o)
                0x00000b9e                __pack_f
 .text          0x00000d48       0xf0 d:/embeded systems/imt course/imt tools/01 imt sdk/imt_sdk_win_64/winavr/bin/../lib/gcc/avr/4.3.3/avr5\libgcc.a(_unpack_sf.o)
                0x00000d48                __unpack_f
 .text          0x00000e38       0xb2 d:/embeded systems/imt course/imt tools/01 imt sdk/imt_sdk_win_64/winavr/bin/../lib/gcc/avr/4.3.3/avr5\libgcc.a(_fpcmp_parts_sf.o)
                0x00000e38                __fpcmp_parts_f
 .text          0x00000eea        0x0 d:/embeded systems/imt course/imt tools/01 imt sdk/imt_sdk_win_64/winavr/bin/../lib/gcc/avr/4.3.3/avr5\libgcc.a(_clz.o)
                0x00000eea                . = ALIGN (0x2)
 *(.text.*)
 .text.UART_vSendData
                0x00000eea        0x8 ./MCAL/UART/UART_prg.o
                0x00000eea                UART_vSendData
 .text.UART_vSendString
                0x00000ef2       0x14 ./MCAL/UART/UART_prg.o
                0x00000ef2                UART_vSendString
 .text.UART_u8GetData
                0x00000f06        0x8 ./MCAL/UART/UART_prg.o
                0x00000f06                UART_u8GetData
 .text.UART_vGetString
                0x00000f0e       0x2e ./MCAL/UART/UART_prg.o
                0x00000f0e                UART_vGetString
 .text.__vector_13
                0x00000f3c       0x50 ./MCAL/UART/UART_prg.o
                0x00000f3c                __vector_13
 .text.__vector_14
                0x00000f8c       0x1e ./MCAL/UART/UART_prg.o
                0x00000f8c                __vector_14
 .text.__vector_15
                0x00000faa       0x14 ./MCAL/UART/UART_prg.o
                0x00000faa                __vector_15
 .text.UART_u8GetDataAsync
                0x00000fbe       0x1a ./MCAL/UART/UART_prg.o
                0x00000fbe                UART_u8GetDataAsync
 .text.UART_vSendDataAsync
                0x00000fd8       0x12 ./MCAL/UART/UART_prg.o
                0x00000fd8                UART_vSendDataAsync
 .text.UART_vInit
                0x00000fea       0x38 ./MCAL/UART/UART_prg.o
                0x00000fea                UART_vInit
 .text.TWI_vMasterInit
                0x00001022        0xc ./MCAL/TWI/TWI_prg.o
                0x00001022                TWI_vMasterInit
 .text.TWI_vSendStartCondition
                0x0000102e        0xc ./MCAL/TWI/TWI_prg.o
                0x0000102e                TWI_vSendStartCondition
 .text.TWI_vSendStopCondition
                0x0000103a        0x6 ./MCAL/TWI/TWI_prg.o
                0x0000103a                TWI_vSendStopCondition
 .text.TWI_vMasterWriteDataByte
                0x00001040        0xe ./MCAL/TWI/TWI_prg.o
                0x00001040                TWI_vMasterWriteDataByte
 .text.TWI_vMasterWriteSlaveAdd
                0x0000104e       0x12 ./MCAL/TWI/TWI_prg.o
                0x0000104e                TWI_vMasterWriteSlaveAdd
 .text.TWI_u8MasterReadDataByteWith_ACK
                0x00001060        0xe ./MCAL/TWI/TWI_prg.o
                0x00001060                TWI_u8MasterReadDataByteWith_ACK
 .text.TWI_u8MasterReadDataByteWith_NACK
                0x0000106e        0xe ./MCAL/TWI/TWI_prg.o
                0x0000106e                TWI_u8MasterReadDataByteWith_NACK
 .text.TWI_u8MasterReadNext
                0x0000107c       0x10 ./MCAL/TWI/TWI_prg.o
                0x0000107c                TWI_u8MasterReadNext
 .text.TWI_u8MasterGetStatus
                0x0000108c        0x6 ./MCAL/TWI/TWI_prg.o
                0x0000108c                TWI_u8MasterGetStatus
 .text.TIMER_vInit
                0x00001092       0x48 ./MCAL/TIMER/TIMER_prg.o
                0x00001092                TIMER_vInit
 .text.TIMER_vSetPreLoad
                0x000010da       0x1c ./MCAL/TIMER/TIMER_prg.o
                0x000010da                TIMER_vSetPreLoad
 .text.TIMER_vSetOcrValue
                0x000010f6       0x1c ./MCAL/TIMER/TIMER_prg.o
                0x000010f6                TIMER_vSetOcrValue
 .text.TIMER_vSetOCR1AWValue
                0x00001112        0x6 ./MCAL/TIMER/TIMER_prg.o
                0x00001112                TIMER_vSetOCR1AWValue
 .text.TIMER_vSetOCR1BWValue
                0x00001118        0x6 ./MCAL/TIMER/TIMER_prg.o
                0x00001118                TIMER_vSetOCR1BWValue
 .text.TIMER_vSetICR1WValue
                0x0000111e        0x6 ./MCAL/TIMER/TIMER_prg.o
                0x0000111e                TIMER_vSetICR1WValue
 .text.TIMER_u16GetICU
                0x00001124        0x8 ./MCAL/TIMER/TIMER_prg.o
                0x00001124                TIMER_u16GetICU
 .text.TIMER_vsetCallBackFunctionOvfTIMER1
                0x0000112c        0xa ./MCAL/TIMER/TIMER_prg.o
                0x0000112c                TIMER_vsetCallBackFunctionOvfTIMER1
 .text.TIMER_vsetCallBackFunctionIcuTIMER1
                0x00001136        0xa ./MCAL/TIMER/TIMER_prg.o
                0x00001136                TIMER_vsetCallBackFunctionIcuTIMER1
 .text.TIMER_vDisableIntICU
                0x00001140        0x8 ./MCAL/TIMER/TIMER_prg.o
                0x00001140                TIMER_vDisableIntICU
 .text.TIMER_vSetTriggeringICU
                0x00001148       0x1a ./MCAL/TIMER/TIMER_prg.o
                0x00001148                TIMER_vSetTriggeringICU
 .text.__vector_10
                0x00001162       0x9e ./MCAL/TIMER/TIMER_prg.o
                0x00001162                __vector_10
 .text.__vector_11
                0x00001200       0xac ./MCAL/TIMER/TIMER_prg.o
                0x00001200                __vector_11
 .text.__vector_4
                0x000012ac       0x9e ./MCAL/TIMER/TIMER_prg.o
                0x000012ac                __vector_4
 .text.__vector_5
                0x0000134a       0xac ./MCAL/TIMER/TIMER_prg.o
                0x0000134a                __vector_5
 .text.__vector_6
                0x000013f6       0x4e ./MCAL/TIMER/TIMER_prg.o
                0x000013f6                __vector_6
 .text.__vector_9
                0x00001444       0x4e ./MCAL/TIMER/TIMER_prg.o
                0x00001444                __vector_9
 .text.TIMER_vCongfigureICU
                0x00001492       0x48 ./MCAL/TIMER/TIMER_prg.o
                0x00001492                TIMER_vCongfigureICU
 .text.TIMER_vPWMSignal
                0x000014da       0x62 ./MCAL/TIMER/TIMER_prg.o
                0x000014da                TIMER_vPWMSignal
 .text.TIMER_vDelayMS
                0x0000153c       0xf4 ./MCAL/TIMER/TIMER_prg.o
                0x0000153c                TIMER_vDelayMS
 .text.GIE_vEnableGlobaLInt
                0x00001630        0x8 ./MCAL/GIE/GIE_prg.o
                0x00001630                GIE_vEnableGlobaLInt
 .text.GIE_vDisableGlobalInt
                0x00001638        0x8 ./MCAL/GIE/GIE_prg.o
                0x00001638                GIE_vDisableGlobalInt
 .text.EXTI_vReg_Func
                0x00001640       0x2c ./MCAL/EXTI/EXTI_prg.o
                0x00001640                EXTI_vReg_Func
 .text.__vector_1
                0x0000166c       0x4e ./MCAL/EXTI/EXTI_prg.o
                0x0000166c                __vector_1
 .text.__vector_2
                0x000016ba       0x4e ./MCAL/EXTI/EXTI_prg.o
                0x000016ba                __vector_2
 .text.__vector_3
                0x00001708       0x4e ./MCAL/EXTI/EXTI_prg.o
                0x00001708                __vector_3
 .text.EXTI_vInitINT2
                0x00001756       0x22 ./MCAL/EXTI/EXTI_prg.o
                0x00001756                EXTI_vInitINT2
 .text.EXTI_vInitINT1
                0x00001778       0x24 ./MCAL/EXTI/EXTI_prg.o
                0x00001778                EXTI_vInitINT1
 .text.EXTI_vInitINT0
                0x0000179c       0x24 ./MCAL/EXTI/EXTI_prg.o
                0x0000179c                EXTI_vInitINT0
 .text.DIO_vSetPinDir
                0x000017c0       0xbc ./MCAL/DIO/DIO_prg.o
                0x000017c0                DIO_vSetPinDir
 .text.DIO_vSetPortDir
                0x0000187c       0x4a ./MCAL/DIO/DIO_prg.o
                0x0000187c                DIO_vSetPortDir
 .text.DIO_vSetPinVal
                0x000018c6       0xbc ./MCAL/DIO/DIO_prg.o
                0x000018c6                DIO_vSetPinVal
 .text.DIO_vSetPortVal
                0x00001982       0x22 ./MCAL/DIO/DIO_prg.o
                0x00001982                DIO_vSetPortVal
 .text.DIO_u8GetPinVal
                0x000019a4       0x3e ./MCAL/DIO/DIO_prg.o
                0x000019a4                DIO_u8GetPinVal
 .text.DIO_u8GetPortVal
                0x000019e2       0x22 ./MCAL/DIO/DIO_prg.o
                0x000019e2                DIO_u8GetPortVal
 .text.DIO_vTogPin
                0x00001a04       0x6a ./MCAL/DIO/DIO_prg.o
                0x00001a04                DIO_vTogPin
 .text.DIO_vTogPort
                0x00001a6e       0x32 ./MCAL/DIO/DIO_prg.o
                0x00001a6e                DIO_vTogPort
 .text.HR_OXIMETER_u8CheckBeat
                0x00001aa0      0x2be ./HAL/HR_OXIMETER/HR_OXIMETER_prg.o
                0x00001aa0                HR_OXIMETER_u8CheckBeat
 .text.HR_OXIMETER_DCRemoval
                0x00001d5e       0x9e ./HAL/HR_OXIMETER/HR_OXIMETER_prg.o
                0x00001d5e                HR_OXIMETER_DCRemoval
 .text.HR_OXIMETER_f32MeanDiff
                0x00001dfc       0xd6 ./HAL/HR_OXIMETER/HR_OXIMETER_prg.o
                0x00001dfc                HR_OXIMETER_f32MeanDiff
 .text.HR_OXIMETER_vLowPassButterworthFilter
                0x00001ed2       0x8a ./HAL/HR_OXIMETER/HR_OXIMETER_prg.o
                0x00001ed2                HR_OXIMETER_vLowPassButterworthFilter
 .text.HR_OXIMETER_vCountsMillis
                0x00001f5c       0x28 ./HAL/HR_OXIMETER/HR_OXIMETER_prg.o
                0x00001f5c                HR_OXIMETER_vCountsMillis
 .text.sendCharTOSw
                0x00001f84       0x18 ./HAL/HR_OXIMETER/HR_OXIMETER_prg.o
                0x00001f84                sendCharTOSw
 .text.sendToDebugSw
                0x00001f9c       0xa2 ./HAL/HR_OXIMETER/HR_OXIMETER_prg.o
                0x00001f9c                sendToDebugSw
 .text.send32BitDatatoDebugger
                0x0000203e       0x36 ./HAL/HR_OXIMETER/HR_OXIMETER_prg.o
                0x0000203e                send32BitDatatoDebugger
 .text.display_HeartRate_Oxygen
                0x00002074       0x5a ./HAL/HR_OXIMETER/HR_OXIMETER_prg.o
                0x00002074                display_HeartRate_Oxygen
 .text.display_data_Collected
                0x000020ce       0x5a ./HAL/HR_OXIMETER/HR_OXIMETER_prg.o
                0x000020ce                display_data_Collected
 .text.sendStringToDebugSw
                0x00002128       0x2a ./HAL/HR_OXIMETER/HR_OXIMETER_prg.o
                0x00002128                sendStringToDebugSw
 .text.toggle_led
                0x00002152       0x44 ./HAL/HR_OXIMETER/HR_OXIMETER_prg.o
                0x00002152                toggle_led
 .text.HR_OXIMETER_u8GetRegContentOnce
                0x00002196       0x4e ./HAL/HR_OXIMETER/HR_OXIMETER_prg.o
 .text.HR_OXIMETER_vGetPartINFO
                0x000021e4       0x2e ./HAL/HR_OXIMETER/HR_OXIMETER_prg.o
                0x000021e4                HR_OXIMETER_vGetPartINFO
 .text.HR_OXIMETER_vWrtRegContent
                0x00002212       0x50 ./HAL/HR_OXIMETER/HR_OXIMETER_prg.o
 .text.HR_OXIMETER_ReadFIFO
                0x00002262      0x138 ./HAL/HR_OXIMETER/HR_OXIMETER_prg.o
                0x00002262                HR_OXIMETER_ReadFIFO
 .text.HR_OXIMETER_vCalculateHeartRateAndOxygen
                0x0000239a      0x2fc ./HAL/HR_OXIMETER/HR_OXIMETER_prg.o
                0x0000239a                HR_OXIMETER_vCalculateHeartRateAndOxygen
 .text.HR_OXIMETER_vCollectGroupOfSamples
                0x00002696       0x60 ./HAL/HR_OXIMETER/HR_OXIMETER_prg.o
                0x00002696                HR_OXIMETER_vCollectGroupOfSamples
 .text.HR_OXIMETER_vInit
                0x000026f6      0x132 ./HAL/HR_OXIMETER/HR_OXIMETER_prg.o
                0x000026f6                HR_OXIMETER_vInit
 .text.TURONLED
                0x00002828        0xc ./App/main.o
                0x00002828                TURONLED
 .text.main     0x00002834       0x34 ./App/main.o
                0x00002834                main
 .text.testUART
                0x00002868       0x14 ./App/main.o
                0x00002868                testUART
 .text.libgcc   0x0000287c       0x18 d:/embeded systems/imt course/imt tools/01 imt sdk/imt_sdk_win_64/winavr/bin/../lib/gcc/avr/4.3.3/avr5\libgcc.a(_udivmodqi4.o)
                0x0000287c                __udivmodqi4
 .text.libgcc   0x00002894        0x0 d:/embeded systems/imt course/imt tools/01 imt sdk/imt_sdk_win_64/winavr/bin/../lib/gcc/avr/4.3.3/avr5\libgcc.a(_exit.o)
 .text.libgcc   0x00002894        0x0 d:/embeded systems/imt course/imt tools/01 imt sdk/imt_sdk_win_64/winavr/bin/../lib/gcc/avr/4.3.3/avr5\libgcc.a(_clear_bss.o)
 .text.libgcc   0x00002894       0x38 d:/embeded systems/imt course/imt tools/01 imt sdk/imt_sdk_win_64/winavr/bin/../lib/gcc/avr/4.3.3/avr5\libgcc.a(_prologue.o)
                0x00002894                __prologue_saves__
 .text.libgcc   0x000028cc       0x36 d:/embeded systems/imt course/imt tools/01 imt sdk/imt_sdk_win_64/winavr/bin/../lib/gcc/avr/4.3.3/avr5\libgcc.a(_epilogue.o)
                0x000028cc                __epilogue_restores__
 .text.libgcc   0x00002902        0x0 d:/embeded systems/imt course/imt tools/01 imt sdk/imt_sdk_win_64/winavr/bin/../lib/gcc/avr/4.3.3/avr5\libgcc.a(_copy_data.o)
                0x00002902                . = ALIGN (0x2)
 *(.fini9)
 .fini9         0x00002902        0x0 d:/embeded systems/imt course/imt tools/01 imt sdk/imt_sdk_win_64/winavr/bin/../lib/gcc/avr/4.3.3/avr5\libgcc.a(_exit.o)
                0x00002902                exit
                0x00002902                _exit
 *(.fini9)
 *(.fini8)
 *(.fini8)
 *(.fini7)
 *(.fini7)
 *(.fini6)
 *(.fini6)
 *(.fini5)
 *(.fini5)
 *(.fini4)
 *(.fini4)
 *(.fini3)
 *(.fini3)
 *(.fini2)
 *(.fini2)
 *(.fini1)
 *(.fini1)
 *(.fini0)
 .fini0         0x00002902        0x4 d:/embeded systems/imt course/imt tools/01 imt sdk/imt_sdk_win_64/winavr/bin/../lib/gcc/avr/4.3.3/avr5\libgcc.a(_exit.o)
 *(.fini0)
                0x00002906                _etext = .

.data           0x00800060      0x108 load address 0x00002906
                0x00800060                PROVIDE (__data_start, .)
 *(.data)
 .data          0x00800060        0x0 d:/embeded systems/imt course/imt tools/01 imt sdk/imt_sdk_win_64/winavr/bin/../lib/gcc/avr/4.3.3/../../../../avr/lib/avr5/crtm32.o
 .data          0x00800060        0x0 ./MCAL/UART/UART_prg.o
 .data          0x00800060        0x0 ./MCAL/TWI/TWI_prg.o
 .data          0x00800060        0x0 ./MCAL/TIMER/TIMER_prg.o
 .data          0x00800060        0x0 ./MCAL/GIE/GIE_prg.o
 .data          0x00800060        0x0 ./MCAL/EXTI/EXTI_prg.o
 .data          0x00800060        0x0 ./MCAL/DIO/DIO_prg.o
 .data          0x00800060        0x0 ./HAL/HR_OXIMETER/HR_OXIMETER_prg.o
 .data          0x00800060        0x0 ./App/main.o
 .data          0x00800060        0x0 d:/embeded systems/imt course/imt tools/01 imt sdk/imt_sdk_win_64/winavr/bin/../lib/gcc/avr/4.3.3/avr5\libgcc.a(_udivmodqi4.o)
 .data          0x00800060        0x0 d:/embeded systems/imt course/imt tools/01 imt sdk/imt_sdk_win_64/winavr/bin/../lib/gcc/avr/4.3.3/avr5\libgcc.a(_exit.o)
 .data          0x00800060        0x0 d:/embeded systems/imt course/imt tools/01 imt sdk/imt_sdk_win_64/winavr/bin/../lib/gcc/avr/4.3.3/avr5\libgcc.a(_clear_bss.o)
 .data          0x00800060        0x0 d:/embeded systems/imt course/imt tools/01 imt sdk/imt_sdk_win_64/winavr/bin/../lib/gcc/avr/4.3.3/avr5\libgcc.a(_fixunssfsi.o)
 .data          0x00800060        0x0 d:/embeded systems/imt course/imt tools/01 imt sdk/imt_sdk_win_64/winavr/bin/../lib/gcc/avr/4.3.3/avr5\libgcc.a(_addsub_sf.o)
 .data          0x00800060        0x0 d:/embeded systems/imt course/imt tools/01 imt sdk/imt_sdk_win_64/winavr/bin/../lib/gcc/avr/4.3.3/avr5\libgcc.a(_mul_sf.o)
 .data          0x00800060        0x0 d:/embeded systems/imt course/imt tools/01 imt sdk/imt_sdk_win_64/winavr/bin/../lib/gcc/avr/4.3.3/avr5\libgcc.a(_div_sf.o)
 .data          0x00800060        0x0 d:/embeded systems/imt course/imt tools/01 imt sdk/imt_sdk_win_64/winavr/bin/../lib/gcc/avr/4.3.3/avr5\libgcc.a(_gt_sf.o)
 .data          0x00800060        0x0 d:/embeded systems/imt course/imt tools/01 imt sdk/imt_sdk_win_64/winavr/bin/../lib/gcc/avr/4.3.3/avr5\libgcc.a(_ge_sf.o)
 .data          0x00800060        0x0 d:/embeded systems/imt course/imt tools/01 imt sdk/imt_sdk_win_64/winavr/bin/../lib/gcc/avr/4.3.3/avr5\libgcc.a(_lt_sf.o)
 .data          0x00800060        0x0 d:/embeded systems/imt course/imt tools/01 imt sdk/imt_sdk_win_64/winavr/bin/../lib/gcc/avr/4.3.3/avr5\libgcc.a(_si_to_sf.o)
 .data          0x00800060        0x0 d:/embeded systems/imt course/imt tools/01 imt sdk/imt_sdk_win_64/winavr/bin/../lib/gcc/avr/4.3.3/avr5\libgcc.a(_sf_to_si.o)
 .data          0x00800060        0x8 d:/embeded systems/imt course/imt tools/01 imt sdk/imt_sdk_win_64/winavr/bin/../lib/gcc/avr/4.3.3/avr5\libgcc.a(_thenan_sf.o)
                0x00800060                __thenan_sf
 .data          0x00800068        0x0 d:/embeded systems/imt course/imt tools/01 imt sdk/imt_sdk_win_64/winavr/bin/../lib/gcc/avr/4.3.3/avr5\libgcc.a(_usi_to_sf.o)
 .data          0x00800068        0x0 d:/embeded systems/imt course/imt tools/01 imt sdk/imt_sdk_win_64/winavr/bin/../lib/gcc/avr/4.3.3/avr5\libgcc.a(_prologue.o)
 .data          0x00800068        0x0 d:/embeded systems/imt course/imt tools/01 imt sdk/imt_sdk_win_64/winavr/bin/../lib/gcc/avr/4.3.3/avr5\libgcc.a(_epilogue.o)
 .data          0x00800068        0x0 d:/embeded systems/imt course/imt tools/01 imt sdk/imt_sdk_win_64/winavr/bin/../lib/gcc/avr/4.3.3/avr5\libgcc.a(_copy_data.o)
 .data          0x00800068        0x0 d:/embeded systems/imt course/imt tools/01 imt sdk/imt_sdk_win_64/winavr/bin/../lib/gcc/avr/4.3.3/avr5\libgcc.a(_clzsi2.o)
 .data          0x00800068        0x0 d:/embeded systems/imt course/imt tools/01 imt sdk/imt_sdk_win_64/winavr/bin/../lib/gcc/avr/4.3.3/avr5\libgcc.a(_pack_sf.o)
 .data          0x00800068        0x0 d:/embeded systems/imt course/imt tools/01 imt sdk/imt_sdk_win_64/winavr/bin/../lib/gcc/avr/4.3.3/avr5\libgcc.a(_unpack_sf.o)
 .data          0x00800068        0x0 d:/embeded systems/imt course/imt tools/01 imt sdk/imt_sdk_win_64/winavr/bin/../lib/gcc/avr/4.3.3/avr5\libgcc.a(_fpcmp_parts_sf.o)
 .data          0x00800068      0x100 d:/embeded systems/imt course/imt tools/01 imt sdk/imt_sdk_win_64/winavr/bin/../lib/gcc/avr/4.3.3/avr5\libgcc.a(_clz.o)
                0x00800068                __clz_tab
 *(.data*)
 *(.rodata)
 *(.rodata*)
 *(.gnu.linkonce.d*)
                0x00800168                . = ALIGN (0x2)
                0x00800168                _edata = .
                0x00800168                PROVIDE (__data_end, .)

.bss            0x00800168       0xed
                0x00800168                PROVIDE (__bss_start, .)
 *(.bss)
 .bss           0x00800168        0x0 d:/embeded systems/imt course/imt tools/01 imt sdk/imt_sdk_win_64/winavr/bin/../lib/gcc/avr/4.3.3/../../../../avr/lib/avr5/crtm32.o
 .bss           0x00800168        0x0 ./MCAL/UART/UART_prg.o
 .bss           0x00800168        0x0 ./MCAL/TWI/TWI_prg.o
 .bss           0x00800168        0x0 ./MCAL/TIMER/TIMER_prg.o
 .bss           0x00800168        0x0 ./MCAL/GIE/GIE_prg.o
 .bss           0x00800168        0x0 ./MCAL/EXTI/EXTI_prg.o
 .bss           0x00800168        0x0 ./MCAL/DIO/DIO_prg.o
 .bss           0x00800168        0x0 ./HAL/HR_OXIMETER/HR_OXIMETER_prg.o
 .bss           0x00800168        0x0 ./App/main.o
 .bss           0x00800168        0x0 d:/embeded systems/imt course/imt tools/01 imt sdk/imt_sdk_win_64/winavr/bin/../lib/gcc/avr/4.3.3/avr5\libgcc.a(_udivmodqi4.o)
 .bss           0x00800168        0x0 d:/embeded systems/imt course/imt tools/01 imt sdk/imt_sdk_win_64/winavr/bin/../lib/gcc/avr/4.3.3/avr5\libgcc.a(_exit.o)
 .bss           0x00800168        0x0 d:/embeded systems/imt course/imt tools/01 imt sdk/imt_sdk_win_64/winavr/bin/../lib/gcc/avr/4.3.3/avr5\libgcc.a(_clear_bss.o)
 .bss           0x00800168        0x0 d:/embeded systems/imt course/imt tools/01 imt sdk/imt_sdk_win_64/winavr/bin/../lib/gcc/avr/4.3.3/avr5\libgcc.a(_fixunssfsi.o)
 .bss           0x00800168        0x0 d:/embeded systems/imt course/imt tools/01 imt sdk/imt_sdk_win_64/winavr/bin/../lib/gcc/avr/4.3.3/avr5\libgcc.a(_addsub_sf.o)
 .bss           0x00800168        0x0 d:/embeded systems/imt course/imt tools/01 imt sdk/imt_sdk_win_64/winavr/bin/../lib/gcc/avr/4.3.3/avr5\libgcc.a(_mul_sf.o)
 .bss           0x00800168        0x0 d:/embeded systems/imt course/imt tools/01 imt sdk/imt_sdk_win_64/winavr/bin/../lib/gcc/avr/4.3.3/avr5\libgcc.a(_div_sf.o)
 .bss           0x00800168        0x0 d:/embeded systems/imt course/imt tools/01 imt sdk/imt_sdk_win_64/winavr/bin/../lib/gcc/avr/4.3.3/avr5\libgcc.a(_gt_sf.o)
 .bss           0x00800168        0x0 d:/embeded systems/imt course/imt tools/01 imt sdk/imt_sdk_win_64/winavr/bin/../lib/gcc/avr/4.3.3/avr5\libgcc.a(_ge_sf.o)
 .bss           0x00800168        0x0 d:/embeded systems/imt course/imt tools/01 imt sdk/imt_sdk_win_64/winavr/bin/../lib/gcc/avr/4.3.3/avr5\libgcc.a(_lt_sf.o)
 .bss           0x00800168        0x0 d:/embeded systems/imt course/imt tools/01 imt sdk/imt_sdk_win_64/winavr/bin/../lib/gcc/avr/4.3.3/avr5\libgcc.a(_si_to_sf.o)
 .bss           0x00800168        0x0 d:/embeded systems/imt course/imt tools/01 imt sdk/imt_sdk_win_64/winavr/bin/../lib/gcc/avr/4.3.3/avr5\libgcc.a(_sf_to_si.o)
 .bss           0x00800168        0x0 d:/embeded systems/imt course/imt tools/01 imt sdk/imt_sdk_win_64/winavr/bin/../lib/gcc/avr/4.3.3/avr5\libgcc.a(_thenan_sf.o)
 .bss           0x00800168        0x0 d:/embeded systems/imt course/imt tools/01 imt sdk/imt_sdk_win_64/winavr/bin/../lib/gcc/avr/4.3.3/avr5\libgcc.a(_usi_to_sf.o)
 .bss           0x00800168        0x0 d:/embeded systems/imt course/imt tools/01 imt sdk/imt_sdk_win_64/winavr/bin/../lib/gcc/avr/4.3.3/avr5\libgcc.a(_prologue.o)
 .bss           0x00800168        0x0 d:/embeded systems/imt course/imt tools/01 imt sdk/imt_sdk_win_64/winavr/bin/../lib/gcc/avr/4.3.3/avr5\libgcc.a(_epilogue.o)
 .bss           0x00800168        0x0 d:/embeded systems/imt course/imt tools/01 imt sdk/imt_sdk_win_64/winavr/bin/../lib/gcc/avr/4.3.3/avr5\libgcc.a(_copy_data.o)
 .bss           0x00800168        0x0 d:/embeded systems/imt course/imt tools/01 imt sdk/imt_sdk_win_64/winavr/bin/../lib/gcc/avr/4.3.3/avr5\libgcc.a(_clzsi2.o)
 .bss           0x00800168        0x0 d:/embeded systems/imt course/imt tools/01 imt sdk/imt_sdk_win_64/winavr/bin/../lib/gcc/avr/4.3.3/avr5\libgcc.a(_pack_sf.o)
 .bss           0x00800168        0x0 d:/embeded systems/imt course/imt tools/01 imt sdk/imt_sdk_win_64/winavr/bin/../lib/gcc/avr/4.3.3/avr5\libgcc.a(_unpack_sf.o)
 .bss           0x00800168        0x0 d:/embeded systems/imt course/imt tools/01 imt sdk/imt_sdk_win_64/winavr/bin/../lib/gcc/avr/4.3.3/avr5\libgcc.a(_fpcmp_parts_sf.o)
 .bss           0x00800168        0x0 d:/embeded systems/imt course/imt tools/01 imt sdk/imt_sdk_win_64/winavr/bin/../lib/gcc/avr/4.3.3/avr5\libgcc.a(_clz.o)
 *(.bss*)
 .bss.G_u8DataSend
                0x00800168        0x1 ./MCAL/UART/UART_prg.o
 .bss.L_u32Counter.1526
                0x00800169        0x4 ./MCAL/TIMER/TIMER_prg.o
 .bss.L_u32Counter.1518
                0x0080016d        0x4 ./MCAL/TIMER/TIMER_prg.o
 .bss.L_u32Counter.1508
                0x00800171        0x4 ./MCAL/TIMER/TIMER_prg.o
 .bss.L_u32Counter.1500
                0x00800175        0x4 ./MCAL/TIMER/TIMER_prg.o
 .bss.G_u32Timer0Counts
                0x00800179        0x4 ./MCAL/TIMER/TIMER_prg.o
 .bss.G_u32Timer2Counts
                0x0080017d        0x4 ./MCAL/TIMER/TIMER_prg.o
 .bss.G_u32Timer0PreLoad
                0x00800181        0x4 ./MCAL/TIMER/TIMER_prg.o
 .bss.G_u32Timer2PreLoad
                0x00800185        0x4 ./MCAL/TIMER/TIMER_prg.o
 .bss.G_u32Millis
                0x00800189        0x4 ./HAL/HR_OXIMETER/HR_OXIMETER_prg.o
                0x00800189                G_u32Millis
 .bss.G_f32IrAcValueSqSum
                0x0080018d        0x4 ./HAL/HR_OXIMETER/HR_OXIMETER_prg.o
                0x0080018d                G_f32IrAcValueSqSum
 .bss.G_f32RedAcValueSqSum
                0x00800191        0x4 ./HAL/HR_OXIMETER/HR_OXIMETER_prg.o
                0x00800191                G_f32RedAcValueSqSum
 .bss.G_f32CurrentSaO2Value
                0x00800195        0x4 ./HAL/HR_OXIMETER/HR_OXIMETER_prg.o
                0x00800195                G_f32CurrentSaO2Value
 .bss.G_u16SamplesRecorded
                0x00800199        0x2 ./HAL/HR_OXIMETER/HR_OXIMETER_prg.o
                0x00800199                G_u16SamplesRecorded
 .bss.G_u16PulseDetected
                0x0080019b        0x2 ./HAL/HR_OXIMETER/HR_OXIMETER_prg.o
                0x0080019b                G_u16PulseDetected
 .bss.L_u32LastBeat.1616
                0x0080019d        0x4 ./HAL/HR_OXIMETER/HR_OXIMETER_prg.o
 .bss.L_u32CurrentBeat.1615
                0x008001a1        0x4 ./HAL/HR_OXIMETER/HR_OXIMETER_prg.o
 .bss.L_u8ValuesWentDown.1614
                0x008001a5        0x1 ./HAL/HR_OXIMETER/HR_OXIMETER_prg.o
 .bss.L_f32PrevSensorValue.1613
                0x008001a6        0x4 ./HAL/HR_OXIMETER/HR_OXIMETER_prg.o
 *(COMMON)
 COMMON         0x008001aa        0x2 ./MCAL/UART/UART_prg.o
                0x008001aa                G_PTR_FUNC_RX
 COMMON         0x008001ac        0xe ./MCAL/TIMER/TIMER_prg.o
                0x008001ac                GLB_PTRF_TIM0_OVF
                0x008001ae                GLB_PTRF_TIM1_CTC
                0x008001b0                GLB_PTRF_TIM2_CTC
                0x008001b2                GLB_PTRF_TIM0_CTC
                0x008001b4                GLB_PTRF_TIM2_OVF
                0x008001b6                GLB_PTRF_TIM1_OVF
                0x008001b8                GLB_PTRF_TIM1_ICU
 COMMON         0x008001ba        0x6 ./MCAL/EXTI/EXTI_prg.o
                0x008001ba                G_ISR_INT1_ptr
                0x008001bc                G_ISR_INT0_ptr
                0x008001be                G_ISR_INT2_ptr
 COMMON         0x008001c0       0x95 ./HAL/HR_OXIMETER/HR_OXIMETER_prg.o
                0x008001c0                G_f32ValuesBPM
                0x008001e8                G_f32CurrentBPM
                0x008001ec                lpbFilterIR
                0x008001f8                dcFilterIR
                0x00800200                meanDiffIR
                0x00800242                G_u8BPMIndex
                0x00800243                G_f32ValuesBPMSum
                0x00800247                G_u32LastBeatThreshold
                0x0080024b                G_u8ValuesBPMCount
                0x0080024c                dcFilterRed
                0x00800254                G_u8CurrentPulseDetectorState
                0x00800255                PROVIDE (__bss_end, .)
                0x00002906                __data_load_start = LOADADDR (.data)
                0x00002a0e                __data_load_end = (__data_load_start + SIZEOF (.data))

.noinit         0x00800255        0x0
                0x00800255                PROVIDE (__noinit_start, .)
 *(.noinit*)
                0x00800255                PROVIDE (__noinit_end, .)
                0x00800255                _end = .
                0x00800255                PROVIDE (__heap_start, .)

.eeprom         0x00810000        0x0
 *(.eeprom*)
                0x00810000                __eeprom_end = .

.fuse
 *(.fuse)
 *(.lfuse)
 *(.hfuse)
 *(.efuse)

.lock
 *(.lock*)

.signature
 *(.signature*)

.stab
 *(.stab)

.stabstr
 *(.stabstr)

.stab.excl
 *(.stab.excl)

.stab.exclstr
 *(.stab.exclstr)

.stab.index
 *(.stab.index)

.stab.indexstr
 *(.stab.indexstr)

.comment
 *(.comment)

.debug
 *(.debug)

.line
 *(.line)

.debug_srcinfo
 *(.debug_srcinfo)

.debug_sfnames
 *(.debug_sfnames)

.debug_aranges  0x00000000      0x1c0
 *(.debug_aranges)
 .debug_aranges
                0x00000000       0x20 d:/embeded systems/imt course/imt tools/01 imt sdk/imt_sdk_win_64/winavr/bin/../lib/gcc/avr/4.3.3/avr5\libgcc.a(_fixunssfsi.o)
 .debug_aranges
                0x00000020       0x20 d:/embeded systems/imt course/imt tools/01 imt sdk/imt_sdk_win_64/winavr/bin/../lib/gcc/avr/4.3.3/avr5\libgcc.a(_addsub_sf.o)
 .debug_aranges
                0x00000040       0x20 d:/embeded systems/imt course/imt tools/01 imt sdk/imt_sdk_win_64/winavr/bin/../lib/gcc/avr/4.3.3/avr5\libgcc.a(_mul_sf.o)
 .debug_aranges
                0x00000060       0x20 d:/embeded systems/imt course/imt tools/01 imt sdk/imt_sdk_win_64/winavr/bin/../lib/gcc/avr/4.3.3/avr5\libgcc.a(_div_sf.o)
 .debug_aranges
                0x00000080       0x20 d:/embeded systems/imt course/imt tools/01 imt sdk/imt_sdk_win_64/winavr/bin/../lib/gcc/avr/4.3.3/avr5\libgcc.a(_gt_sf.o)
 .debug_aranges
                0x000000a0       0x20 d:/embeded systems/imt course/imt tools/01 imt sdk/imt_sdk_win_64/winavr/bin/../lib/gcc/avr/4.3.3/avr5\libgcc.a(_ge_sf.o)
 .debug_aranges
                0x000000c0       0x20 d:/embeded systems/imt course/imt tools/01 imt sdk/imt_sdk_win_64/winavr/bin/../lib/gcc/avr/4.3.3/avr5\libgcc.a(_lt_sf.o)
 .debug_aranges
                0x000000e0       0x20 d:/embeded systems/imt course/imt tools/01 imt sdk/imt_sdk_win_64/winavr/bin/../lib/gcc/avr/4.3.3/avr5\libgcc.a(_si_to_sf.o)
 .debug_aranges
                0x00000100       0x20 d:/embeded systems/imt course/imt tools/01 imt sdk/imt_sdk_win_64/winavr/bin/../lib/gcc/avr/4.3.3/avr5\libgcc.a(_sf_to_si.o)
 .debug_aranges
                0x00000120       0x20 d:/embeded systems/imt course/imt tools/01 imt sdk/imt_sdk_win_64/winavr/bin/../lib/gcc/avr/4.3.3/avr5\libgcc.a(_usi_to_sf.o)
 .debug_aranges
                0x00000140       0x20 d:/embeded systems/imt course/imt tools/01 imt sdk/imt_sdk_win_64/winavr/bin/../lib/gcc/avr/4.3.3/avr5\libgcc.a(_clzsi2.o)
 .debug_aranges
                0x00000160       0x20 d:/embeded systems/imt course/imt tools/01 imt sdk/imt_sdk_win_64/winavr/bin/../lib/gcc/avr/4.3.3/avr5\libgcc.a(_pack_sf.o)
 .debug_aranges
                0x00000180       0x20 d:/embeded systems/imt course/imt tools/01 imt sdk/imt_sdk_win_64/winavr/bin/../lib/gcc/avr/4.3.3/avr5\libgcc.a(_unpack_sf.o)
 .debug_aranges
                0x000001a0       0x20 d:/embeded systems/imt course/imt tools/01 imt sdk/imt_sdk_win_64/winavr/bin/../lib/gcc/avr/4.3.3/avr5\libgcc.a(_fpcmp_parts_sf.o)

.debug_pubnames
                0x00000000      0x214
 *(.debug_pubnames)
 .debug_pubnames
                0x00000000       0x23 d:/embeded systems/imt course/imt tools/01 imt sdk/imt_sdk_win_64/winavr/bin/../lib/gcc/avr/4.3.3/avr5\libgcc.a(_fixunssfsi.o)
 .debug_pubnames
                0x00000023       0x2c d:/embeded systems/imt course/imt tools/01 imt sdk/imt_sdk_win_64/winavr/bin/../lib/gcc/avr/4.3.3/avr5\libgcc.a(_addsub_sf.o)
 .debug_pubnames
                0x0000004f       0x1f d:/embeded systems/imt course/imt tools/01 imt sdk/imt_sdk_win_64/winavr/bin/../lib/gcc/avr/4.3.3/avr5\libgcc.a(_mul_sf.o)
 .debug_pubnames
                0x0000006e       0x1f d:/embeded systems/imt course/imt tools/01 imt sdk/imt_sdk_win_64/winavr/bin/../lib/gcc/avr/4.3.3/avr5\libgcc.a(_div_sf.o)
 .debug_pubnames
                0x0000008d       0x1e d:/embeded systems/imt course/imt tools/01 imt sdk/imt_sdk_win_64/winavr/bin/../lib/gcc/avr/4.3.3/avr5\libgcc.a(_gt_sf.o)
 .debug_pubnames
                0x000000ab       0x1e d:/embeded systems/imt course/imt tools/01 imt sdk/imt_sdk_win_64/winavr/bin/../lib/gcc/avr/4.3.3/avr5\libgcc.a(_ge_sf.o)
 .debug_pubnames
                0x000000c9       0x1e d:/embeded systems/imt course/imt tools/01 imt sdk/imt_sdk_win_64/winavr/bin/../lib/gcc/avr/4.3.3/avr5\libgcc.a(_lt_sf.o)
 .debug_pubnames
                0x000000e7       0x22 d:/embeded systems/imt course/imt tools/01 imt sdk/imt_sdk_win_64/winavr/bin/../lib/gcc/avr/4.3.3/avr5\libgcc.a(_si_to_sf.o)
 .debug_pubnames
                0x00000109       0x20 d:/embeded systems/imt course/imt tools/01 imt sdk/imt_sdk_win_64/winavr/bin/../lib/gcc/avr/4.3.3/avr5\libgcc.a(_sf_to_si.o)
 .debug_pubnames
                0x00000129       0x22 d:/embeded systems/imt course/imt tools/01 imt sdk/imt_sdk_win_64/winavr/bin/../lib/gcc/avr/4.3.3/avr5\libgcc.a(_thenan_sf.o)
 .debug_pubnames
                0x0000014b       0x24 d:/embeded systems/imt course/imt tools/01 imt sdk/imt_sdk_win_64/winavr/bin/../lib/gcc/avr/4.3.3/avr5\libgcc.a(_usi_to_sf.o)
 .debug_pubnames
                0x0000016f       0x1f d:/embeded systems/imt course/imt tools/01 imt sdk/imt_sdk_win_64/winavr/bin/../lib/gcc/avr/4.3.3/avr5\libgcc.a(_clzsi2.o)
 .debug_pubnames
                0x0000018e       0x1f d:/embeded systems/imt course/imt tools/01 imt sdk/imt_sdk_win_64/winavr/bin/../lib/gcc/avr/4.3.3/avr5\libgcc.a(_pack_sf.o)
 .debug_pubnames
                0x000001ad       0x21 d:/embeded systems/imt course/imt tools/01 imt sdk/imt_sdk_win_64/winavr/bin/../lib/gcc/avr/4.3.3/avr5\libgcc.a(_unpack_sf.o)
 .debug_pubnames
                0x000001ce       0x26 d:/embeded systems/imt course/imt tools/01 imt sdk/imt_sdk_win_64/winavr/bin/../lib/gcc/avr/4.3.3/avr5\libgcc.a(_fpcmp_parts_sf.o)
 .debug_pubnames
                0x000001f4       0x20 d:/embeded systems/imt course/imt tools/01 imt sdk/imt_sdk_win_64/winavr/bin/../lib/gcc/avr/4.3.3/avr5\libgcc.a(_clz.o)

.debug_info     0x00000000     0x2612
 *(.debug_info)
 .debug_info    0x00000000       0xb1 d:/embeded systems/imt course/imt tools/01 imt sdk/imt_sdk_win_64/winavr/bin/../lib/gcc/avr/4.3.3/avr5\libgcc.a(_fixunssfsi.o)
 .debug_info    0x000000b1      0x47a d:/embeded systems/imt course/imt tools/01 imt sdk/imt_sdk_win_64/winavr/bin/../lib/gcc/avr/4.3.3/avr5\libgcc.a(_addsub_sf.o)
 .debug_info    0x0000052b      0x485 d:/embeded systems/imt course/imt tools/01 imt sdk/imt_sdk_win_64/winavr/bin/../lib/gcc/avr/4.3.3/avr5\libgcc.a(_mul_sf.o)
 .debug_info    0x000009b0      0x3fc d:/embeded systems/imt course/imt tools/01 imt sdk/imt_sdk_win_64/winavr/bin/../lib/gcc/avr/4.3.3/avr5\libgcc.a(_div_sf.o)
 .debug_info    0x00000dac      0x27f d:/embeded systems/imt course/imt tools/01 imt sdk/imt_sdk_win_64/winavr/bin/../lib/gcc/avr/4.3.3/avr5\libgcc.a(_gt_sf.o)
 .debug_info    0x0000102b      0x27f d:/embeded systems/imt course/imt tools/01 imt sdk/imt_sdk_win_64/winavr/bin/../lib/gcc/avr/4.3.3/avr5\libgcc.a(_ge_sf.o)
 .debug_info    0x000012aa      0x27f d:/embeded systems/imt course/imt tools/01 imt sdk/imt_sdk_win_64/winavr/bin/../lib/gcc/avr/4.3.3/avr5\libgcc.a(_lt_sf.o)
 .debug_info    0x00001529      0x207 d:/embeded systems/imt course/imt tools/01 imt sdk/imt_sdk_win_64/winavr/bin/../lib/gcc/avr/4.3.3/avr5\libgcc.a(_si_to_sf.o)
 .debug_info    0x00001730      0x2b0 d:/embeded systems/imt course/imt tools/01 imt sdk/imt_sdk_win_64/winavr/bin/../lib/gcc/avr/4.3.3/avr5\libgcc.a(_sf_to_si.o)
 .debug_info    0x000019e0      0x12c d:/embeded systems/imt course/imt tools/01 imt sdk/imt_sdk_win_64/winavr/bin/../lib/gcc/avr/4.3.3/avr5\libgcc.a(_thenan_sf.o)
 .debug_info    0x00001b0c      0x206 d:/embeded systems/imt course/imt tools/01 imt sdk/imt_sdk_win_64/winavr/bin/../lib/gcc/avr/4.3.3/avr5\libgcc.a(_usi_to_sf.o)
 .debug_info    0x00001d12      0x117 d:/embeded systems/imt course/imt tools/01 imt sdk/imt_sdk_win_64/winavr/bin/../lib/gcc/avr/4.3.3/avr5\libgcc.a(_clzsi2.o)
 .debug_info    0x00001e29      0x2df d:/embeded systems/imt course/imt tools/01 imt sdk/imt_sdk_win_64/winavr/bin/../lib/gcc/avr/4.3.3/avr5\libgcc.a(_pack_sf.o)
 .debug_info    0x00002108      0x251 d:/embeded systems/imt course/imt tools/01 imt sdk/imt_sdk_win_64/winavr/bin/../lib/gcc/avr/4.3.3/avr5\libgcc.a(_unpack_sf.o)
 .debug_info    0x00002359      0x210 d:/embeded systems/imt course/imt tools/01 imt sdk/imt_sdk_win_64/winavr/bin/../lib/gcc/avr/4.3.3/avr5\libgcc.a(_fpcmp_parts_sf.o)
 .debug_info    0x00002569       0xa9 d:/embeded systems/imt course/imt tools/01 imt sdk/imt_sdk_win_64/winavr/bin/../lib/gcc/avr/4.3.3/avr5\libgcc.a(_clz.o)
 *(.gnu.linkonce.wi.*)

.debug_abbrev   0x00000000     0x14ce
 *(.debug_abbrev)
 .debug_abbrev  0x00000000       0x5d d:/embeded systems/imt course/imt tools/01 imt sdk/imt_sdk_win_64/winavr/bin/../lib/gcc/avr/4.3.3/avr5\libgcc.a(_fixunssfsi.o)
 .debug_abbrev  0x0000005d      0x1ea d:/embeded systems/imt course/imt tools/01 imt sdk/imt_sdk_win_64/winavr/bin/../lib/gcc/avr/4.3.3/avr5\libgcc.a(_addsub_sf.o)
 .debug_abbrev  0x00000247      0x21b d:/embeded systems/imt course/imt tools/01 imt sdk/imt_sdk_win_64/winavr/bin/../lib/gcc/avr/4.3.3/avr5\libgcc.a(_mul_sf.o)
 .debug_abbrev  0x00000462      0x216 d:/embeded systems/imt course/imt tools/01 imt sdk/imt_sdk_win_64/winavr/bin/../lib/gcc/avr/4.3.3/avr5\libgcc.a(_div_sf.o)
 .debug_abbrev  0x00000678      0x15a d:/embeded systems/imt course/imt tools/01 imt sdk/imt_sdk_win_64/winavr/bin/../lib/gcc/avr/4.3.3/avr5\libgcc.a(_gt_sf.o)
 .debug_abbrev  0x000007d2      0x15a d:/embeded systems/imt course/imt tools/01 imt sdk/imt_sdk_win_64/winavr/bin/../lib/gcc/avr/4.3.3/avr5\libgcc.a(_ge_sf.o)
 .debug_abbrev  0x0000092c      0x15a d:/embeded systems/imt course/imt tools/01 imt sdk/imt_sdk_win_64/winavr/bin/../lib/gcc/avr/4.3.3/avr5\libgcc.a(_lt_sf.o)
 .debug_abbrev  0x00000a86      0x148 d:/embeded systems/imt course/imt tools/01 imt sdk/imt_sdk_win_64/winavr/bin/../lib/gcc/avr/4.3.3/avr5\libgcc.a(_si_to_sf.o)
 .debug_abbrev  0x00000bce      0x17f d:/embeded systems/imt course/imt tools/01 imt sdk/imt_sdk_win_64/winavr/bin/../lib/gcc/avr/4.3.3/avr5\libgcc.a(_sf_to_si.o)
 .debug_abbrev  0x00000d4d       0xad d:/embeded systems/imt course/imt tools/01 imt sdk/imt_sdk_win_64/winavr/bin/../lib/gcc/avr/4.3.3/avr5\libgcc.a(_thenan_sf.o)
 .debug_abbrev  0x00000dfa      0x157 d:/embeded systems/imt course/imt tools/01 imt sdk/imt_sdk_win_64/winavr/bin/../lib/gcc/avr/4.3.3/avr5\libgcc.a(_usi_to_sf.o)
 .debug_abbrev  0x00000f51       0xc4 d:/embeded systems/imt course/imt tools/01 imt sdk/imt_sdk_win_64/winavr/bin/../lib/gcc/avr/4.3.3/avr5\libgcc.a(_clzsi2.o)
 .debug_abbrev  0x00001015      0x1c0 d:/embeded systems/imt course/imt tools/01 imt sdk/imt_sdk_win_64/winavr/bin/../lib/gcc/avr/4.3.3/avr5\libgcc.a(_pack_sf.o)
 .debug_abbrev  0x000011d5      0x154 d:/embeded systems/imt course/imt tools/01 imt sdk/imt_sdk_win_64/winavr/bin/../lib/gcc/avr/4.3.3/avr5\libgcc.a(_unpack_sf.o)
 .debug_abbrev  0x00001329      0x13b d:/embeded systems/imt course/imt tools/01 imt sdk/imt_sdk_win_64/winavr/bin/../lib/gcc/avr/4.3.3/avr5\libgcc.a(_fpcmp_parts_sf.o)
 .debug_abbrev  0x00001464       0x6a d:/embeded systems/imt course/imt tools/01 imt sdk/imt_sdk_win_64/winavr/bin/../lib/gcc/avr/4.3.3/avr5\libgcc.a(_clz.o)

.debug_line     0x00000000     0x130b
 *(.debug_line)
 .debug_line    0x00000000       0xa7 d:/embeded systems/imt course/imt tools/01 imt sdk/imt_sdk_win_64/winavr/bin/../lib/gcc/avr/4.3.3/avr5\libgcc.a(_fixunssfsi.o)
 .debug_line    0x000000a7      0x2af d:/embeded systems/imt course/imt tools/01 imt sdk/imt_sdk_win_64/winavr/bin/../lib/gcc/avr/4.3.3/avr5\libgcc.a(_addsub_sf.o)
 .debug_line    0x00000356      0x239 d:/embeded systems/imt course/imt tools/01 imt sdk/imt_sdk_win_64/winavr/bin/../lib/gcc/avr/4.3.3/avr5\libgcc.a(_mul_sf.o)
 .debug_line    0x0000058f      0x1d5 d:/embeded systems/imt course/imt tools/01 imt sdk/imt_sdk_win_64/winavr/bin/../lib/gcc/avr/4.3.3/avr5\libgcc.a(_div_sf.o)
 .debug_line    0x00000764       0xd3 d:/embeded systems/imt course/imt tools/01 imt sdk/imt_sdk_win_64/winavr/bin/../lib/gcc/avr/4.3.3/avr5\libgcc.a(_gt_sf.o)
 .debug_line    0x00000837       0xd3 d:/embeded systems/imt course/imt tools/01 imt sdk/imt_sdk_win_64/winavr/bin/../lib/gcc/avr/4.3.3/avr5\libgcc.a(_ge_sf.o)
 .debug_line    0x0000090a       0xd3 d:/embeded systems/imt course/imt tools/01 imt sdk/imt_sdk_win_64/winavr/bin/../lib/gcc/avr/4.3.3/avr5\libgcc.a(_lt_sf.o)
 .debug_line    0x000009dd      0x135 d:/embeded systems/imt course/imt tools/01 imt sdk/imt_sdk_win_64/winavr/bin/../lib/gcc/avr/4.3.3/avr5\libgcc.a(_si_to_sf.o)
 .debug_line    0x00000b12      0x109 d:/embeded systems/imt course/imt tools/01 imt sdk/imt_sdk_win_64/winavr/bin/../lib/gcc/avr/4.3.3/avr5\libgcc.a(_sf_to_si.o)
 .debug_line    0x00000c1b       0x90 d:/embeded systems/imt course/imt tools/01 imt sdk/imt_sdk_win_64/winavr/bin/../lib/gcc/avr/4.3.3/avr5\libgcc.a(_thenan_sf.o)
 .debug_line    0x00000cab      0x133 d:/embeded systems/imt course/imt tools/01 imt sdk/imt_sdk_win_64/winavr/bin/../lib/gcc/avr/4.3.3/avr5\libgcc.a(_usi_to_sf.o)
 .debug_line    0x00000dde       0xa5 d:/embeded systems/imt course/imt tools/01 imt sdk/imt_sdk_win_64/winavr/bin/../lib/gcc/avr/4.3.3/avr5\libgcc.a(_clzsi2.o)
 .debug_line    0x00000e83      0x18a d:/embeded systems/imt course/imt tools/01 imt sdk/imt_sdk_win_64/winavr/bin/../lib/gcc/avr/4.3.3/avr5\libgcc.a(_pack_sf.o)
 .debug_line    0x0000100d      0x14b d:/embeded systems/imt course/imt tools/01 imt sdk/imt_sdk_win_64/winavr/bin/../lib/gcc/avr/4.3.3/avr5\libgcc.a(_unpack_sf.o)
 .debug_line    0x00001158      0x137 d:/embeded systems/imt course/imt tools/01 imt sdk/imt_sdk_win_64/winavr/bin/../lib/gcc/avr/4.3.3/avr5\libgcc.a(_fpcmp_parts_sf.o)
 .debug_line    0x0000128f       0x7c d:/embeded systems/imt course/imt tools/01 imt sdk/imt_sdk_win_64/winavr/bin/../lib/gcc/avr/4.3.3/avr5\libgcc.a(_clz.o)

.debug_frame    0x00000000      0x1e0
 *(.debug_frame)
 .debug_frame   0x00000000       0x20 d:/embeded systems/imt course/imt tools/01 imt sdk/imt_sdk_win_64/winavr/bin/../lib/gcc/avr/4.3.3/avr5\libgcc.a(_fixunssfsi.o)
 .debug_frame   0x00000020       0x40 d:/embeded systems/imt course/imt tools/01 imt sdk/imt_sdk_win_64/winavr/bin/../lib/gcc/avr/4.3.3/avr5\libgcc.a(_addsub_sf.o)
 .debug_frame   0x00000060       0x20 d:/embeded systems/imt course/imt tools/01 imt sdk/imt_sdk_win_64/winavr/bin/../lib/gcc/avr/4.3.3/avr5\libgcc.a(_mul_sf.o)
 .debug_frame   0x00000080       0x20 d:/embeded systems/imt course/imt tools/01 imt sdk/imt_sdk_win_64/winavr/bin/../lib/gcc/avr/4.3.3/avr5\libgcc.a(_div_sf.o)
 .debug_frame   0x000000a0       0x20 d:/embeded systems/imt course/imt tools/01 imt sdk/imt_sdk_win_64/winavr/bin/../lib/gcc/avr/4.3.3/avr5\libgcc.a(_gt_sf.o)
 .debug_frame   0x000000c0       0x20 d:/embeded systems/imt course/imt tools/01 imt sdk/imt_sdk_win_64/winavr/bin/../lib/gcc/avr/4.3.3/avr5\libgcc.a(_ge_sf.o)
 .debug_frame   0x000000e0       0x20 d:/embeded systems/imt course/imt tools/01 imt sdk/imt_sdk_win_64/winavr/bin/../lib/gcc/avr/4.3.3/avr5\libgcc.a(_lt_sf.o)
 .debug_frame   0x00000100       0x20 d:/embeded systems/imt course/imt tools/01 imt sdk/imt_sdk_win_64/winavr/bin/../lib/gcc/avr/4.3.3/avr5\libgcc.a(_si_to_sf.o)
 .debug_frame   0x00000120       0x20 d:/embeded systems/imt course/imt tools/01 imt sdk/imt_sdk_win_64/winavr/bin/../lib/gcc/avr/4.3.3/avr5\libgcc.a(_sf_to_si.o)
 .debug_frame   0x00000140       0x20 d:/embeded systems/imt course/imt tools/01 imt sdk/imt_sdk_win_64/winavr/bin/../lib/gcc/avr/4.3.3/avr5\libgcc.a(_usi_to_sf.o)
 .debug_frame   0x00000160       0x20 d:/embeded systems/imt course/imt tools/01 imt sdk/imt_sdk_win_64/winavr/bin/../lib/gcc/avr/4.3.3/avr5\libgcc.a(_clzsi2.o)
 .debug_frame   0x00000180       0x20 d:/embeded systems/imt course/imt tools/01 imt sdk/imt_sdk_win_64/winavr/bin/../lib/gcc/avr/4.3.3/avr5\libgcc.a(_pack_sf.o)
 .debug_frame   0x000001a0       0x20 d:/embeded systems/imt course/imt tools/01 imt sdk/imt_sdk_win_64/winavr/bin/../lib/gcc/avr/4.3.3/avr5\libgcc.a(_unpack_sf.o)
 .debug_frame   0x000001c0       0x20 d:/embeded systems/imt course/imt tools/01 imt sdk/imt_sdk_win_64/winavr/bin/../lib/gcc/avr/4.3.3/avr5\libgcc.a(_fpcmp_parts_sf.o)

.debug_str      0x00000000      0x307
 *(.debug_str)
 .debug_str     0x00000000       0xbf d:/embeded systems/imt course/imt tools/01 imt sdk/imt_sdk_win_64/winavr/bin/../lib/gcc/avr/4.3.3/avr5\libgcc.a(_fixunssfsi.o)
                                 0xfe (size before relaxing)
 .debug_str     0x000000bf      0x14d d:/embeded systems/imt course/imt tools/01 imt sdk/imt_sdk_win_64/winavr/bin/../lib/gcc/avr/4.3.3/avr5\libgcc.a(_addsub_sf.o)
                                0x206 (size before relaxing)
 .debug_str     0x0000020c       0x27 d:/embeded systems/imt course/imt tools/01 imt sdk/imt_sdk_win_64/winavr/bin/../lib/gcc/avr/4.3.3/avr5\libgcc.a(_mul_sf.o)
                                0x1bf (size before relaxing)
 .debug_str     0x00000233       0x35 d:/embeded systems/imt course/imt tools/01 imt sdk/imt_sdk_win_64/winavr/bin/../lib/gcc/avr/4.3.3/avr5\libgcc.a(_div_sf.o)
                                0x1c8 (size before relaxing)
 .debug_str     0x00000268        0x8 d:/embeded systems/imt course/imt tools/01 imt sdk/imt_sdk_win_64/winavr/bin/../lib/gcc/avr/4.3.3/avr5\libgcc.a(_gt_sf.o)
                                0x195 (size before relaxing)
 .debug_str     0x00000270        0x8 d:/embeded systems/imt course/imt tools/01 imt sdk/imt_sdk_win_64/winavr/bin/../lib/gcc/avr/4.3.3/avr5\libgcc.a(_ge_sf.o)
                                0x195 (size before relaxing)
 .debug_str     0x00000278        0x8 d:/embeded systems/imt course/imt tools/01 imt sdk/imt_sdk_win_64/winavr/bin/../lib/gcc/avr/4.3.3/avr5\libgcc.a(_lt_sf.o)
                                0x195 (size before relaxing)
 .debug_str     0x00000280       0x1e d:/embeded systems/imt course/imt tools/01 imt sdk/imt_sdk_win_64/winavr/bin/../lib/gcc/avr/4.3.3/avr5\libgcc.a(_si_to_sf.o)
                                0x17b (size before relaxing)
 .debug_str     0x0000029e        0xa d:/embeded systems/imt course/imt tools/01 imt sdk/imt_sdk_win_64/winavr/bin/../lib/gcc/avr/4.3.3/avr5\libgcc.a(_sf_to_si.o)
                                0x19e (size before relaxing)
 .debug_str     0x00000000      0x103 d:/embeded systems/imt course/imt tools/01 imt sdk/imt_sdk_win_64/winavr/bin/../lib/gcc/avr/4.3.3/avr5\libgcc.a(_thenan_sf.o)
 .debug_str     0x000002a8       0x14 d:/embeded systems/imt course/imt tools/01 imt sdk/imt_sdk_win_64/winavr/bin/../lib/gcc/avr/4.3.3/avr5\libgcc.a(_usi_to_sf.o)
                                0x177 (size before relaxing)
 .debug_str     0x000002bc       0x20 d:/embeded systems/imt course/imt tools/01 imt sdk/imt_sdk_win_64/winavr/bin/../lib/gcc/avr/4.3.3/avr5\libgcc.a(_clzsi2.o)
                                0x111 (size before relaxing)
 .debug_str     0x000002dc       0x10 d:/embeded systems/imt course/imt tools/01 imt sdk/imt_sdk_win_64/winavr/bin/../lib/gcc/avr/4.3.3/avr5\libgcc.a(_pack_sf.o)
                                0x19d (size before relaxing)
 .debug_str     0x000002ec        0xb d:/embeded systems/imt course/imt tools/01 imt sdk/imt_sdk_win_64/winavr/bin/../lib/gcc/avr/4.3.3/avr5\libgcc.a(_unpack_sf.o)
                                0x17f (size before relaxing)
 .debug_str     0x000002f7       0x10 d:/embeded systems/imt course/imt tools/01 imt sdk/imt_sdk_win_64/winavr/bin/../lib/gcc/avr/4.3.3/avr5\libgcc.a(_fpcmp_parts_sf.o)
                                0x163 (size before relaxing)
 .debug_str     0x00000000       0xf4 d:/embeded systems/imt course/imt tools/01 imt sdk/imt_sdk_win_64/winavr/bin/../lib/gcc/avr/4.3.3/avr5\libgcc.a(_clz.o)

.debug_loc      0x00000000      0xa1a
 *(.debug_loc)
 .debug_loc     0x00000000       0x34 d:/embeded systems/imt course/imt tools/01 imt sdk/imt_sdk_win_64/winavr/bin/../lib/gcc/avr/4.3.3/avr5\libgcc.a(_fixunssfsi.o)
 .debug_loc     0x00000034      0x32a d:/embeded systems/imt course/imt tools/01 imt sdk/imt_sdk_win_64/winavr/bin/../lib/gcc/avr/4.3.3/avr5\libgcc.a(_addsub_sf.o)
 .debug_loc     0x0000035e      0x104 d:/embeded systems/imt course/imt tools/01 imt sdk/imt_sdk_win_64/winavr/bin/../lib/gcc/avr/4.3.3/avr5\libgcc.a(_mul_sf.o)
 .debug_loc     0x00000462       0xc0 d:/embeded systems/imt course/imt tools/01 imt sdk/imt_sdk_win_64/winavr/bin/../lib/gcc/avr/4.3.3/avr5\libgcc.a(_div_sf.o)
 .debug_loc     0x00000522       0x3c d:/embeded systems/imt course/imt tools/01 imt sdk/imt_sdk_win_64/winavr/bin/../lib/gcc/avr/4.3.3/avr5\libgcc.a(_gt_sf.o)
 .debug_loc     0x0000055e       0x3c d:/embeded systems/imt course/imt tools/01 imt sdk/imt_sdk_win_64/winavr/bin/../lib/gcc/avr/4.3.3/avr5\libgcc.a(_ge_sf.o)
 .debug_loc     0x0000059a       0x3c d:/embeded systems/imt course/imt tools/01 imt sdk/imt_sdk_win_64/winavr/bin/../lib/gcc/avr/4.3.3/avr5\libgcc.a(_lt_sf.o)
 .debug_loc     0x000005d6       0xac d:/embeded systems/imt course/imt tools/01 imt sdk/imt_sdk_win_64/winavr/bin/../lib/gcc/avr/4.3.3/avr5\libgcc.a(_si_to_sf.o)
 .debug_loc     0x00000682       0x7e d:/embeded systems/imt course/imt tools/01 imt sdk/imt_sdk_win_64/winavr/bin/../lib/gcc/avr/4.3.3/avr5\libgcc.a(_sf_to_si.o)
 .debug_loc     0x00000700       0x4c d:/embeded systems/imt course/imt tools/01 imt sdk/imt_sdk_win_64/winavr/bin/../lib/gcc/avr/4.3.3/avr5\libgcc.a(_usi_to_sf.o)
 .debug_loc     0x0000074c       0x94 d:/embeded systems/imt course/imt tools/01 imt sdk/imt_sdk_win_64/winavr/bin/../lib/gcc/avr/4.3.3/avr5\libgcc.a(_clzsi2.o)
 .debug_loc     0x000007e0      0x13e d:/embeded systems/imt course/imt tools/01 imt sdk/imt_sdk_win_64/winavr/bin/../lib/gcc/avr/4.3.3/avr5\libgcc.a(_pack_sf.o)
 .debug_loc     0x0000091e       0xac d:/embeded systems/imt course/imt tools/01 imt sdk/imt_sdk_win_64/winavr/bin/../lib/gcc/avr/4.3.3/avr5\libgcc.a(_unpack_sf.o)
 .debug_loc     0x000009ca       0x50 d:/embeded systems/imt course/imt tools/01 imt sdk/imt_sdk_win_64/winavr/bin/../lib/gcc/avr/4.3.3/avr5\libgcc.a(_fpcmp_parts_sf.o)

.debug_macinfo
 *(.debug_macinfo)
OUTPUT(Max30102_v2.0.elf elf32-avr)
LOAD linker stubs

.debug_ranges   0x00000000       0x50
 .debug_ranges  0x00000000       0x50 d:/embeded systems/imt course/imt tools/01 imt sdk/imt_sdk_win_64/winavr/bin/../lib/gcc/avr/4.3.3/avr5\libgcc.a(_mul_sf.o)
